<html>
<body>
<pre>
<h1>µVision Build Log</h1>
<h2>Project:</h2>
C:\Users\cristian\Desktop\OMV_PROJECT\boards\ek-lm4f120xl\psu\psu.uvproj
Project File Date:  11/17/2016

<h2>Output:</h2>
Rebuild target 'psu'
assembling startup_rvmdk.S...
compiling main.c...
compiling pwm.c...
compiling commands.c...
compiling uart_comm.c...
compiling timer_operations.c...
compiling adc_run.c...
compiling lcd.c...
compiling i2c_comm.c...
compiling utils.c...
compiling pwm_gen.c...
compiling GPRS_comm.c...
GPRS_comm.c(9): warning:  #177-D: variable "c" was declared but never referenced
compiling scheduler.c...
linking...
Program Size: Code=10400 RO-data=1304 RW-data=1644 ZI-data=660  
User command #1: fromelf --bin --output .\rvmdk\psu.bin .\rvmdk\psu.axf
".\rvmdk\psu.axf" - 0 Error(s), 1 Warning(s).
Load "C:\\Users\\cristian\\Desktop\\OMV_PROJECT\\boards\\ek-lm4f120xl\\psu\\rvmdk\\psu.AXF" 
Connecting: Mode=JTAG, Speed=1000000Hz
Erase Done.
Programming Done.
Verify OK.
