ARM Linker, 4.1 [Build 894] [Standard]

==============================================================================

Section Cross References

    startup_rvmdk.o(RESET) refers to startup_rvmdk.o(STACK) for StackMem
    startup_rvmdk.o(RESET) refers to uart_comm.o(i.UARTIntHandler) for UARTIntHandler
    startup_rvmdk.o(RESET) refers to uart_comm.o(i.GPRSUARTIntHandler) for GPRSUARTIntHandler
    startup_rvmdk.o(RESET) refers to timer_operations.o(i.Timer1IntHandler) for Timer1IntHandler
    startup_rvmdk.o(RESET) refers to timer_operations.o(i.Timer2IntHandler) for Timer2IntHandler
    startup_rvmdk.o(RESET) refers to timer_operations.o(i.Timer3IntHandler) for Timer3IntHandler
    startup_rvmdk.o(RESET) refers to entry.o(.ARM.Collect$$$$00000000) for __main
    main.o(i.InitSystemPeripherals) refers to adc_run.o(i.ConfigureTemperatureAdcModule) for ConfigureTemperatureAdcModule
    main.o(i.InitSystemPeripherals) refers to adc_run.o(i.ConfigureVoltageAdcModule) for ConfigureVoltageAdcModule
    main.o(i.InitSystemPeripherals) refers to gpio.o(i.GPIOPinConfigure) for GPIOPinConfigure
    main.o(i.InitSystemPeripherals) refers to gpio.o(i.GPIOPinTypeTimer) for GPIOPinTypeTimer
    main.o(i.InitSystemPeripherals) refers to i2c_comm.o(i.ConfigureI2CModule) for ConfigureI2CModule
    main.o(i.blinkBlueLed) refers to main.o(.data) for running_led
    main.o(i.blinkRedLed) refers to main.o(.data) for running_led
    main.o(i.main) refers to utils.o(i.EraseContainer) for EraseContainer
    main.o(i.main) refers to utils.o(i.EraseGPRSContainer) for EraseGPRSContainer
    main.o(i.main) refers to pwm_gen.o(i.DisablePwmPin) for DisablePwmPin
    main.o(i.main) refers to main.o(i.InitSystemPeripherals) for InitSystemPeripherals
    main.o(i.main) refers to uart_comm.o(i.InitDebugUart) for InitDebugUart
    main.o(i.main) refers to uart_comm.o(i.InitGPRSUart) for InitGPRSUart
    main.o(i.main) refers to lcd.o(i.LcdInit) for LcdInit
    main.o(i.main) refers to gprs_comm.o(i.InitGPRSModule) for InitGPRSModule
    main.o(i.main) refers to lcd.o(i.lcdMessage) for lcdMessage
    main.o(i.main) refers to commands.o(i.verifyComand) for verifyComand
    main.o(i.main) refers to gprs_comm.o(i.checkModemData) for checkModemData
    main.o(i.main) refers to main.o(.data) for flagUartReceive
    main.o(i.main) refers to main.o(.bss) for container
    main.o(.data) refers to main.o(.conststring) for .conststring
    pwm.o(i.PWMFaultIntRegister) refers to pwm.o(i.PWMFaultIntGet) for PWMFaultIntGet
    pwm.o(i.PWMFaultIntRegister) refers to interrupt.o(i.IntRegister) for IntRegister
    pwm.o(i.PWMFaultIntRegister) refers to interrupt.o(i.IntEnable) for IntEnable
    pwm.o(i.PWMFaultIntUnregister) refers to pwm.o(i.PWMFaultIntGet) for PWMFaultIntGet
    pwm.o(i.PWMFaultIntUnregister) refers to interrupt.o(i.IntDisable) for IntDisable
    pwm.o(i.PWMFaultIntUnregister) refers to interrupt.o(i.IntUnregister) for IntUnregister
    pwm.o(i.PWMGenIntRegister) refers to pwm.o(i.PWMGenIntGet) for PWMGenIntGet
    pwm.o(i.PWMGenIntRegister) refers to interrupt.o(i.IntRegister) for IntRegister
    pwm.o(i.PWMGenIntRegister) refers to interrupt.o(i.IntEnable) for IntEnable
    pwm.o(i.PWMGenIntUnregister) refers to pwm.o(i.PWMGenIntGet) for PWMGenIntGet
    pwm.o(i.PWMGenIntUnregister) refers to interrupt.o(i.IntDisable) for IntDisable
    pwm.o(i.PWMGenIntUnregister) refers to interrupt.o(i.IntUnregister) for IntUnregister
    commands.o(i.BlinkWithTimer) refers to sysctl.o(i.SysCtlClockGet) for SysCtlClockGet
    commands.o(i.BlinkWithTimer) refers to timer_operations.o(i.StartTimer1A) for StartTimer1A
    commands.o(i.BlinkWithTimer) refers to timer_operations.o(i.StartTimer3A) for StartTimer3A
    commands.o(i.CMD_reboot) refers to sysctl.o(i.SysCtlReset) for SysCtlReset
    commands.o(i.CMD_reboot) refers to sysctl.o(i.SysCtlClockGet) for SysCtlClockGet
    commands.o(i.CMD_reboot) refers to sysctl.o(.emb_text) for SysCtlDelay
    commands.o(i.DisableAllTimers) refers to timer.o(i.TimerDisable) for TimerDisable
    commands.o(i.DisableStagePin) refers to gpio.o(i.GPIOPinTypeGPIOOutput) for GPIOPinTypeGPIOOutput
    commands.o(i.DisableStagePin) refers to gpio.o(i.GPIOPinWrite) for GPIOPinWrite
    commands.o(i.EmergencyStop) refers to pwm_gen.o(i.DisablePwmPin) for DisablePwmPin
    commands.o(i.EmergencyStop) refers to utils.o(i.PSUStatusOnline) for PSUStatusOnline
    commands.o(i.EmergencyStop) refers to uart_comm.o(i.UARTSendNoFIFOLimitation) for UARTSendNoFIFOLimitation
    commands.o(i.EmergencyStop) refers to commands.o(.data) for CRITICAL
    commands.o(i.FillStructureI2C) refers to utils.o(i.AsciiToHex) for AsciiToHex
    commands.o(i.FillStructureI2C) refers to utils.o(i.exp10) for exp10
    commands.o(i.FillStructureI2C) refers to main.o(.bss) for container
    commands.o(i.FillStructureI2C) refers to commands.o(.bss) for I2CCommand
    commands.o(i.FillStructurePWM) refers to utils.o(i.AsciiToHex) for AsciiToHex
[...]
    printf2.o(i.__0vfprintf$2) refers to fputc.o(i.fputc) for fputc
    printf2.o(i.__0vprintf$2) refers to printf2.o(i._printf_core) for _printf_core
    printf2.o(i.__0vprintf$2) refers to fputc.o(i.fputc) for fputc
    printf2.o(i.__0vprintf$2) refers to stdout.o(.data) for __stdout
    printf2.o(i.__0vsnprintf$2) refers to printf2.o(i._printf_core) for _printf_core
    printf2.o(i.__0vsnprintf$2) refers to printf2.o(i._snputc) for _snputc
    printf2.o(i.__0vsprintf$2) refers to printf2.o(i._printf_core) for _printf_core
    printf2.o(i.__0vsprintf$2) refers to printf2.o(i._sputc) for _sputc
    printf3.o(i.__0fprintf$3) refers to printf3.o(i._printf_core) for _printf_core
    printf3.o(i.__0fprintf$3) refers to fputc.o(i.fputc) for fputc
    printf3.o(i.__0printf$3) refers to printf3.o(i._printf_core) for _printf_core
    printf3.o(i.__0printf$3) refers to fputc.o(i.fputc) for fputc
    printf3.o(i.__0printf$3) refers to stdout.o(.data) for __stdout
    printf3.o(i.__0snprintf$3) refers to printf3.o(i._printf_core) for _printf_core
    printf3.o(i.__0snprintf$3) refers to printf3.o(i._snputc) for _snputc
    printf3.o(i.__0sprintf$3) refers to printf3.o(i._printf_core) for _printf_core
    printf3.o(i.__0sprintf$3) refers to printf3.o(i._sputc) for _sputc
    printf3.o(i.__0vfprintf$3) refers to printf3.o(i._printf_core) for _printf_core
    printf3.o(i.__0vfprintf$3) refers to fputc.o(i.fputc) for fputc
    printf3.o(i.__0vprintf$3) refers to printf3.o(i._printf_core) for _printf_core
    printf3.o(i.__0vprintf$3) refers to fputc.o(i.fputc) for fputc
    printf3.o(i.__0vprintf$3) refers to stdout.o(.data) for __stdout
    printf3.o(i.__0vsnprintf$3) refers to printf3.o(i._printf_core) for _printf_core
    printf3.o(i.__0vsnprintf$3) refers to printf3.o(i._snputc) for _snputc
    printf3.o(i.__0vsprintf$3) refers to printf3.o(i._printf_core) for _printf_core
    printf3.o(i.__0vsprintf$3) refers to printf3.o(i._sputc) for _sputc
    printf3.o(i._printf_core) refers to uidiv.o(.text) for __aeabi_uidivmod
    printf4.o(i.__0fprintf$4) refers to printf4.o(i._printf_core) for _printf_core
    printf4.o(i.__0fprintf$4) refers to fputc.o(i.fputc) for fputc
    printf4.o(i.__0printf$4) refers to printf4.o(i._printf_core) for _printf_core
    printf4.o(i.__0printf$4) refers to fputc.o(i.fputc) for fputc
    printf4.o(i.__0printf$4) refers to stdout.o(.data) for __stdout
    printf4.o(i.__0snprintf$4) refers to printf4.o(i._printf_core) for _printf_core
    printf4.o(i.__0snprintf$4) refers to printf4.o(i._snputc) for _snputc
    printf4.o(i.__0sprintf$4) refers to printf4.o(i._printf_core) for _printf_core
    printf4.o(i.__0sprintf$4) refers to printf4.o(i._sputc) for _sputc
    printf4.o(i.__0vfprintf$4) refers to printf4.o(i._printf_core) for _printf_core
    printf4.o(i.__0vfprintf$4) refers to fputc.o(i.fputc) for fputc
    printf4.o(i.__0vprintf$4) refers to printf4.o(i._printf_core) for _printf_core
    printf4.o(i.__0vprintf$4) refers to fputc.o(i.fputc) for fputc
    printf4.o(i.__0vprintf$4) refers to stdout.o(.data) for __stdout
    printf4.o(i.__0vsnprintf$4) refers to printf4.o(i._printf_core) for _printf_core
    printf4.o(i.__0vsnprintf$4) refers to printf4.o(i._snputc) for _snputc
    printf4.o(i.__0vsprintf$4) refers to printf4.o(i._printf_core) for _printf_core
    printf4.o(i.__0vsprintf$4) refers to printf4.o(i._sputc) for _sputc
    printf4.o(i._printf_core) refers to uldiv.o(.text) for __aeabi_uldivmod
    printf5.o(i.__0fprintf$5) refers to printf5.o(i._printf_core) for _printf_core
    printf5.o(i.__0fprintf$5) refers to fputc.o(i.fputc) for fputc
    printf5.o(i.__0printf$5) refers to printf5.o(i._printf_core) for _printf_core
    printf5.o(i.__0printf$5) refers to fputc.o(i.fputc) for fputc
    printf5.o(i.__0printf$5) refers to stdout.o(.data) for __stdout
    printf5.o(i.__0snprintf$5) refers to printf5.o(i._printf_core) for _printf_core
    printf5.o(i.__0snprintf$5) refers to printf5.o(i._snputc) for _snputc
    printf5.o(i.__0sprintf$5) refers to printf5.o(i._printf_core) for _printf_core
    printf5.o(i.__0sprintf$5) refers to printf5.o(i._sputc) for _sputc
    printf5.o(i.__0vfprintf$5) refers to printf5.o(i._printf_core) for _printf_core
    printf5.o(i.__0vfprintf$5) refers to fputc.o(i.fputc) for fputc
    printf5.o(i.__0vprintf$5) refers to printf5.o(i._printf_core) for _printf_core
    printf5.o(i.__0vprintf$5) refers to fputc.o(i.fputc) for fputc
    printf5.o(i.__0vprintf$5) refers to stdout.o(.data) for __stdout
    printf5.o(i.__0vsnprintf$5) refers to printf5.o(i._printf_core) for _printf_core
    printf5.o(i.__0vsnprintf$5) refers to printf5.o(i._snputc) for _snputc
    printf5.o(i.__0vsprintf$5) refers to printf5.o(i._printf_core) for _printf_core
    printf5.o(i.__0vsprintf$5) refers to printf5.o(i._sputc) for _sputc
    printf5.o(i._printf_core) refers to uldiv.o(.text) for __aeabi_uldivmod
    printf6.o(i.__0fprintf$6) refers to printf6.o(i._printf_core) for _printf_core
    printf6.o(i.__0fprintf$6) refers to fputc.o(i.fputc) for fputc
    printf6.o(i.__0printf$6) refers to printf6.o(i._printf_core) for _printf_core
    printf6.o(i.__0printf$6) refers to fputc.o(i.fputc) for fputc
    printf6.o(i.__0printf$6) refers to stdout.o(.data) for __stdout
    printf6.o(i.__0snprintf$6) refers to printf6.o(i._printf_core) for _printf_core
    printf6.o(i.__0snprintf$6) refers to printf6.o(i._snputc) for _snputc
    printf6.o(i.__0sprintf$6) refers to printf6.o(i._printf_core) for _printf_core
    printf6.o(i.__0sprintf$6) refers to printf6.o(i._sputc) for _sputc
    printf6.o(i.__0vfprintf$6) refers to printf6.o(i._printf_core) for _printf_core
    printf6.o(i.__0vfprintf$6) refers to fputc.o(i.fputc) for fputc
    printf6.o(i.__0vprintf$6) refers to printf6.o(i._printf_core) for _printf_core
    printf6.o(i.__0vprintf$6) refers to fputc.o(i.fputc) for fputc
    printf6.o(i.__0vprintf$6) refers to stdout.o(.data) for __stdout
    printf6.o(i.__0vsnprintf$6) refers to printf6.o(i._printf_core) for _printf_core
    printf6.o(i.__0vsnprintf$6) refers to printf6.o(i._snputc) for _snputc
    printf6.o(i.__0vsprintf$6) refers to printf6.o(i._printf_core) for _printf_core
    printf6.o(i.__0vsprintf$6) refers to printf6.o(i._sputc) for _sputc
    printf6.o(i._printf_core) refers to printf6.o(i._printf_pre_padding) for _printf_pre_padding
    printf6.o(i._printf_core) refers to uidiv.o(.text) for __aeabi_uidivmod
    printf6.o(i._printf_core) refers to printf6.o(i._printf_post_padding) for _printf_post_padding
    printf7.o(i.__0fprintf$7) refers to printf7.o(i._printf_core) for _printf_core
    printf7.o(i.__0fprintf$7) refers to fputc.o(i.fputc) for fputc
    printf7.o(i.__0printf$7) refers to printf7.o(i._printf_core) for _printf_core
    printf7.o(i.__0printf$7) refers to fputc.o(i.fputc) for fputc
    printf7.o(i.__0printf$7) refers to stdout.o(.data) for __stdout
    printf7.o(i.__0snprintf$7) refers to printf7.o(i._printf_core) for _printf_core
    printf7.o(i.__0snprintf$7) refers to printf7.o(i._snputc) for _snputc
    printf7.o(i.__0sprintf$7) refers to printf7.o(i._printf_core) for _printf_core
    printf7.o(i.__0sprintf$7) refers to printf7.o(i._sputc) for _sputc
    printf7.o(i.__0vfprintf$7) refers to printf7.o(i._printf_core) for _printf_core
    printf7.o(i.__0vfprintf$7) refers to fputc.o(i.fputc) for fputc
    printf7.o(i.__0vprintf$7) refers to printf7.o(i._printf_core) for _printf_core
    printf7.o(i.__0vprintf$7) refers to fputc.o(i.fputc) for fputc
    printf7.o(i.__0vprintf$7) refers to stdout.o(.data) for __stdout
    printf7.o(i.__0vsnprintf$7) refers to printf7.o(i._printf_core) for _printf_core
    printf7.o(i.__0vsnprintf$7) refers to printf7.o(i._snputc) for _snputc
    printf7.o(i.__0vsprintf$7) refers to printf7.o(i._printf_core) for _printf_core
    printf7.o(i.__0vsprintf$7) refers to printf7.o(i._sputc) for _sputc
    printf7.o(i._printf_core) refers to printf7.o(i._printf_pre_padding) for _printf_pre_padding
    printf7.o(i._printf_core) refers to uldiv.o(.text) for __aeabi_uldivmod
    printf7.o(i._printf_core) refers to printf7.o(i._printf_post_padding) for _printf_post_padding
    printf8.o(i.__0fprintf$8) refers to printf8.o(i._printf_core) for _printf_core
    printf8.o(i.__0fprintf$8) refers to fputc.o(i.fputc) for fputc
    printf8.o(i.__0printf$8) refers to printf8.o(i._printf_core) for _printf_core
    printf8.o(i.__0printf$8) refers to fputc.o(i.fputc) for fputc
    printf8.o(i.__0printf$8) refers to stdout.o(.data) for __stdout
    printf8.o(i.__0snprintf$8) refers to printf8.o(i._printf_core) for _printf_core
    printf8.o(i.__0snprintf$8) refers to printf8.o(i._snputc) for _snputc
    printf8.o(i.__0sprintf$8) refers to printf8.o(i._printf_core) for _printf_core
    printf8.o(i.__0sprintf$8) refers to printf8.o(i._sputc) for _sputc
    printf8.o(i.__0vfprintf$8) refers to printf8.o(i._printf_core) for _printf_core
    printf8.o(i.__0vfprintf$8) refers to fputc.o(i.fputc) for fputc
    printf8.o(i.__0vprintf$8) refers to printf8.o(i._printf_core) for _printf_core
    printf8.o(i.__0vprintf$8) refers to fputc.o(i.fputc) for fputc
    printf8.o(i.__0vprintf$8) refers to stdout.o(.data) for __stdout
    printf8.o(i.__0vsnprintf$8) refers to printf8.o(i._printf_core) for _printf_core
    printf8.o(i.__0vsnprintf$8) refers to printf8.o(i._snputc) for _snputc
    printf8.o(i.__0vsprintf$8) refers to printf8.o(i._printf_core) for _printf_core
    printf8.o(i.__0vsprintf$8) refers to printf8.o(i._sputc) for _sputc
    printf8.o(i._printf_core) refers to printf8.o(i._printf_pre_padding) for _printf_pre_padding
    printf8.o(i._printf_core) refers to uldiv.o(.text) for __aeabi_uldivmod
    printf8.o(i._printf_core) refers to printf8.o(i._printf_post_padding) for _printf_post_padding
    printfa.o(i.__0fprintf) refers (Special) to iusefp.o(.text) for __I$use$fp
    printfa.o(i.__0fprintf) refers to printfa.o(i._printf_core) for _printf_core
    printfa.o(i.__0fprintf) refers to fputc.o(i.fputc) for fputc
    printfa.o(i.__0printf) refers (Special) to iusefp.o(.text) for __I$use$fp
    printfa.o(i.__0printf) refers to printfa.o(i._printf_core) for _printf_core
    printfa.o(i.__0printf) refers to fputc.o(i.fputc) for fputc
    printfa.o(i.__0printf) refers to stdout.o(.data) for __stdout
    printfa.o(i.__0snprintf) refers (Special) to iusefp.o(.text) for __I$use$fp
    printfa.o(i.__0snprintf) refers to printfa.o(i._printf_core) for _printf_core
    printfa.o(i.__0snprintf) refers to printfa.o(i._snputc) for _snputc
    printfa.o(i.__0sprintf) refers (Special) to iusefp.o(.text) for __I$use$fp
    printfa.o(i.__0sprintf) refers to printfa.o(i._printf_core) for _printf_core
    printfa.o(i.__0sprintf) refers to printfa.o(i._sputc) for _sputc
    printfa.o(i.__0vfprintf) refers (Special) to iusefp.o(.text) for __I$use$fp
    printfa.o(i.__0vfprintf) refers to printfa.o(i._printf_core) for _printf_core
    printfa.o(i.__0vfprintf) refers to fputc.o(i.fputc) for fputc
    printfa.o(i.__0vprintf) refers (Special) to iusefp.o(.text) for __I$use$fp
    printfa.o(i.__0vprintf) refers to printfa.o(i._printf_core) for _printf_core
    printfa.o(i.__0vprintf) refers to fputc.o(i.fputc) for fputc
    printfa.o(i.__0vprintf) refers to stdout.o(.data) for __stdout
    printfa.o(i.__0vsnprintf) refers (Special) to iusefp.o(.text) for __I$use$fp
    printfa.o(i.__0vsnprintf) refers to printfa.o(i._printf_core) for _printf_core
    printfa.o(i.__0vsnprintf) refers to printfa.o(i._snputc) for _snputc
    printfa.o(i.__0vsprintf) refers (Special) to iusefp.o(.text) for __I$use$fp
    printfa.o(i.__0vsprintf) refers to printfa.o(i._printf_core) for _printf_core
    printfa.o(i.__0vsprintf) refers to printfa.o(i._sputc) for _sputc
    printfa.o(i._fp_digits) refers (Special) to iusefp.o(.text) for __I$use$fp
    printfa.o(i._fp_digits) refers to dmul.o(.text) for __aeabi_dmul
    printfa.o(i._fp_digits) refers to ddiv.o(.text) for __aeabi_ddiv
    printfa.o(i._fp_digits) refers to cdrcmple.o(.text) for __aeabi_cdrcmple
    printfa.o(i._fp_digits) refers to dadd.o(.text) for __aeabi_dadd
    printfa.o(i._fp_digits) refers to dfixul.o(.text) for __aeabi_d2ulz
    printfa.o(i._fp_digits) refers to uldiv.o(.text) for __aeabi_uldivmod
    printfa.o(i._printf_core) refers (Special) to iusefp.o(.text) for __I$use$fp
    printfa.o(i._printf_core) refers to printfa.o(i._printf_pre_padding) for _printf_pre_padding
    printfa.o(i._printf_core) refers to uldiv.o(.text) for __aeabi_uldivmod
    printfa.o(i._printf_core) refers to printfa.o(i._printf_post_padding) for _printf_post_padding
    printfa.o(i._printf_core) refers to printfa.o(i._fp_digits) for _fp_digits
    printfa.o(i._printf_core) refers to uidiv.o(.text) for __aeabi_uidivmod
    printfa.o(i._printf_post_padding) refers (Special) to iusefp.o(.text) for __I$use$fp
    printfa.o(i._printf_pre_padding) refers (Special) to iusefp.o(.text) for __I$use$fp
    printfa.o(i._snputc) refers (Special) to iusefp.o(.text) for __I$use$fp
    printfa.o(i._sputc) refers (Special) to iusefp.o(.text) for __I$use$fp
    malloc.o(i.free) refers to mvars.o(.data) for __microlib_freelist
    malloc.o(i.malloc) refers to mvars.o(.data) for __microlib_freelist_initialised
    malloc.o(i.malloc) refers to mvars.o(.data) for __microlib_freelist
    malloc.o(i.malloc) refers to startup_rvmdk.o(HEAP) for __heap_base
    mallocr.o(i.__free$realloc) refers to mvars.o(.data) for __microlib_freelist
    mallocr.o(i.__malloc$realloc) refers to mallocr.o(i.internal_alloc) for internal_alloc
    mallocr.o(i.__malloc$realloc) refers to mvars.o(.data) for __microlib_freelist_initialised
    mallocr.o(i.__malloc$realloc) refers to startup_rvmdk.o(HEAP) for __heap_base
    mallocr.o(i.__malloc$realloc) refers to mvars.o(.data) for __microlib_freelist
    mallocr.o(i.internal_alloc) refers to memcpya.o(.text) for __aeabi_memcpy
    mallocr.o(i.internal_alloc) refers to mvars.o(.data) for __microlib_freelist
    mallocr.o(i.realloc) refers to mallocr.o(i.__free$realloc) for __free$realloc
    mallocr.o(i.realloc) refers to mallocr.o(i.internal_alloc) for internal_alloc
    mallocr.o(i.realloc) refers to mallocr.o(i.__malloc$realloc) for __malloc$realloc
    mallocr.o(i.realloc) refers to mvars.o(.data) for __microlib_freelist
    malloca.o(i.__aligned_malloc) refers to mvars.o(.data) for __microlib_freelist_initialised
    malloca.o(i.__aligned_malloc) refers to mvars.o(.data) for __microlib_freelist
    malloca.o(i.__aligned_malloc) refers to startup_rvmdk.o(HEAP) for __heap_base
    malloca.o(i.__free$memalign) refers to mvars.o(.data) for __microlib_freelist
    malloca.o(i.__malloc$memalign) refers to malloca.o(i.__aligned_malloc) for __aligned_malloc
    mallocra.o(i.__aligned_malloc$realloc) refers to mallocra.o(i.internal_alloc) for internal_alloc
    mallocra.o(i.__aligned_malloc$realloc) refers to mvars.o(.data) for __microlib_freelist_initialised
    mallocra.o(i.__aligned_malloc$realloc) refers to startup_rvmdk.o(HEAP) for __heap_base
    mallocra.o(i.__aligned_malloc$realloc) refers to mvars.o(.data) for __microlib_freelist
    mallocra.o(i.__free$realloc$memalign) refers to mvars.o(.data) for __microlib_freelist
    mallocra.o(i.__malloc$realloc$memalign) refers to mallocra.o(i.__aligned_malloc$realloc) for __aligned_malloc$realloc
    mallocra.o(i.__realloc$memalign) refers to mallocra.o(i.__free$realloc$memalign) for __free$realloc$memalign
    mallocra.o(i.__realloc$memalign) refers to mallocra.o(i.internal_alloc) for internal_alloc
    mallocra.o(i.__realloc$memalign) refers to mallocra.o(i.__malloc$realloc$memalign) for __malloc$realloc$memalign
    mallocra.o(i.__realloc$memalign) refers to mvars.o(.data) for __microlib_freelist
    mallocra.o(i.internal_alloc) refers to memcpya.o(.text) for __aeabi_memcpy
    mallocra.o(i.internal_alloc) refers to mvars.o(.data) for __microlib_freelist
    entry2.o(.ARM.Collect$$$$00000001) refers to entry2.o(.ARM.Collect$$$$00002712) for __lit__00000000
    entry2.o(.ARM.Collect$$$$00002712) refers to startup_rvmdk.o(STACK) for __initial_sp
    entry2.o(__vectab_stack_and_reset_area) refers to startup_rvmdk.o(STACK) for __initial_sp
    entry2.o(__vectab_stack_and_reset_area) refers to entry.o(.ARM.Collect$$$$00000000) for __main
    entry5.o(.ARM.Collect$$$$00000004) refers to init.o(.text) for __scatterload
    entry8.o(.ARM.Collect$$$$00000009) refers to main.o(i.main) for main
    fputc.o(i.fputc) refers (Special) to iusesemip.o(.text) for __I$use$semihosting$fputc
    fputc.o(i.fputc) refers (Special) to semi.o(.text) for __semihosting_library_function
    uldiv.o(.text) refers to llushr.o(.text) for __aeabi_llsr
    uldiv.o(.text) refers to llshl.o(.text) for __aeabi_llsl
    dadd.o(.text) refers to llshl.o(.text) for __aeabi_llsl
    dadd.o(.text) refers to llsshr.o(.text) for __aeabi_lasr
    dadd.o(.text) refers to depilogue.o(.text) for _double_epilogue
    dmul.o(.text) refers to depilogue.o(.text) for _double_epilogue
    ddiv.o(.text) refers to depilogue.o(.text) for _double_round
    dfixul.o(.text) refers to llushr.o(.text) for __aeabi_llsr
    dfixul.o(.text) refers to llshl.o(.text) for __aeabi_llsl
    init.o(.text) refers to entry5.o(.ARM.Collect$$$$00000004) for __main_after_scatterload
    depilogue.o(.text) refers to llshl.o(.text) for __aeabi_llsl
    depilogue.o(.text) refers to llushr.o(.text) for __aeabi_llsr


==============================================================================

Removing Unused input sections from the image.

    Removing startup_rvmdk.o(HEAP), (0 bytes).
    Removing startup_rvmdk.o(.text), (0 bytes).
    Removing main.o(i.blinkBlueLed), (16 bytes).
    Removing main.o(i.blinkRedLed), (12 bytes).
    Removing pwm.o(i.PWMDeadBandDisable), (14 bytes).
    Removing pwm.o(i.PWMDeadBandEnable), (18 bytes).
    Removing pwm.o(i.PWMFaultIntClear), (8 bytes).
    Removing pwm.o(i.PWMFaultIntClearExt), (4 bytes).
    Removing pwm.o(i.PWMFaultIntGet), (20 bytes).
    Removing pwm.o(i.PWMFaultIntRegister), (30 bytes).
    Removing pwm.o(i.PWMFaultIntUnregister), (26 bytes).
    Removing pwm.o(i.PWMGenConfigure), (48 bytes).
    Removing pwm.o(i.PWMGenDisable), (10 bytes).
    Removing pwm.o(i.PWMGenEnable), (10 bytes).
    Removing pwm.o(i.PWMGenFaultClear), (36 bytes).
    Removing pwm.o(i.PWMGenFaultConfigure), (20 bytes).
    Removing pwm.o(i.PWMGenFaultStatus), (38 bytes).
    Removing pwm.o(i.PWMGenFaultTriggerGet), (16 bytes).
    Removing pwm.o(i.PWMGenFaultTriggerSet), (16 bytes).
    Removing pwm.o(i.PWMGenIntClear), (6 bytes).
    Removing pwm.o(i.PWMGenIntGet), (96 bytes).
    Removing pwm.o(i.PWMGenIntRegister), (38 bytes).
    Removing pwm.o(i.PWMGenIntStatus), (16 bytes).
    Removing pwm.o(i.PWMGenIntTrigDisable), (14 bytes).
    Removing pwm.o(i.PWMGenIntTrigEnable), (14 bytes).
    Removing pwm.o(i.PWMGenIntUnregister), (30 bytes).
    Removing pwm.o(i.PWMGenPeriodGet), (24 bytes).
    Removing pwm.o(i.PWMGenPeriodSet), (22 bytes).
    Removing pwm.o(i.PWMIntDisable), (8 bytes).
    Removing pwm.o(i.PWMIntEnable), (8 bytes).
    Removing pwm.o(i.PWMIntStatus), (14 bytes).
    Removing pwm.o(i.PWMOutputFault), (20 bytes).
    Removing pwm.o(i.PWMOutputFaultLevel), (20 bytes).
    Removing pwm.o(i.PWMOutputInvert), (20 bytes).
    Removing pwm.o(i.PWMOutputState), (20 bytes).
    Removing pwm.o(i.PWMPulseWidthGet), (44 bytes).
    Removing pwm.o(i.PWMPulseWidthSet), (40 bytes).
    Removing pwm.o(i.PWMSyncTimeBase), (4 bytes).
    Removing pwm.o(i.PWMSyncUpdate), (4 bytes).
    Removing commands.o(i.DisableStagePin), (44 bytes).
    Removing uart_comm.o(i.UARTGPRSSend), (40 bytes).
    Removing uart_comm.o(i.UARTGPRSSendOneByte), (24 bytes).
    Removing uart_comm.o(i.UARTSend), (40 bytes).
    Removing uart_comm.o(.data), (4 bytes).
    Removing timer_operations.o(i.StartTimer2A), (140 bytes).
    Removing adc_run.o(i.GetTemperature), (124 bytes).
    Removing utils.o(i.FlushContainer), (80 bytes).
    Removing scheduler.o(i.allocateTaskMemory), (40 bytes).
    Removing scheduler.o(i.deleteTaskMemory), (28 bytes).
    Removing scheduler.o(i.disableInterrupts), (16 bytes).
    Removing scheduler.o(i.initScheduler), (52 bytes).
    Removing scheduler.o(i.launchExecutionPipe), (76 bytes).
    Removing scheduler.o(i.registerTask), (168 bytes).
    Removing scheduler.o(i.startScheduler), (32 bytes).
    Removing scheduler.o(i.stopScheduler), (16 bytes).
    Removing scheduler.o(.bss), (24 bytes).
    Removing adc.o(i.ADCComparatorConfigure), (10 bytes).
    Removing adc.o(i.ADCComparatorIntClear), (4 bytes).
    Removing adc.o(i.ADCComparatorIntDisable), (18 bytes).
    Removing adc.o(i.ADCComparatorIntEnable), (16 bytes).
    Removing adc.o(i.ADCComparatorIntStatus), (4 bytes).
    Removing adc.o(i.ADCComparatorRegionSet), (14 bytes).
    Removing adc.o(i.ADCComparatorReset), (40 bytes).
    Removing adc.o(i.ADCHardwareOversampleConfigure), (14 bytes).
    Removing adc.o(i.ADCIntDisable), (16 bytes).
    Removing adc.o(i.ADCIntEnable), (16 bytes).
    Removing adc.o(i.ADCIntRegister), (38 bytes).
    Removing adc.o(i.ADCIntUnregister), (36 bytes).
    Removing adc.o(i.ADCPhaseDelayGet), (4 bytes).
    Removing adc.o(i.ADCPhaseDelaySet), (4 bytes).
    Removing adc.o(i.ADCReferenceGet), (8 bytes).
    Removing adc.o(i.ADCReferenceSet), (12 bytes).
    Removing adc.o(i.ADCResolutionGet), (8 bytes).
    Removing adc.o(i.ADCResolutionSet), (12 bytes).
    Removing adc.o(i.ADCSequenceOverflow), (12 bytes).
    Removing adc.o(i.ADCSequenceOverflowClear), (10 bytes).
    Removing adc.o(i.ADCSequenceUnderflow), (12 bytes).
    Removing adc.o(i.ADCSequenceUnderflowClear), (10 bytes).
    Removing adc.o(i.ADCSoftwareOversampleConfigure), (24 bytes).
    Removing adc.o(i.ADCSoftwareOversampleDataGet), (72 bytes).
    Removing adc.o(i.ADCSoftwareOversampleStepConfigure), (148 bytes).
    Removing adc.o(.data), (3 bytes).
    Removing gpio.o(i.GPIOADCTriggerDisable), (14 bytes).
    Removing gpio.o(i.GPIOADCTriggerEnable), (14 bytes).
    Removing gpio.o(i.GPIODMATriggerDisable), (14 bytes).
    Removing gpio.o(i.GPIODMATriggerEnable), (14 bytes).
    Removing gpio.o(i.GPIODirModeGet), (34 bytes).
    Removing gpio.o(i.GPIOGetIntNumber), (216 bytes).
    Removing gpio.o(i.GPIOIntTypeGet), (48 bytes).
    Removing gpio.o(i.GPIOIntTypeSet), (58 bytes).
    Removing gpio.o(i.GPIOPadConfigGet), (140 bytes).
    Removing gpio.o(i.GPIOPinIntClear), (6 bytes).
    Removing gpio.o(i.GPIOPinIntDisable), (14 bytes).
    Removing gpio.o(i.GPIOPinIntEnable), (14 bytes).
    Removing gpio.o(i.GPIOPinIntStatus), (14 bytes).
    Removing gpio.o(i.GPIOPinRead), (6 bytes).
    Removing gpio.o(i.GPIOPinTypeCAN), (28 bytes).
    Removing gpio.o(i.GPIOPinTypeComparator), (28 bytes).
    Removing gpio.o(i.GPIOPinTypeEPI), (28 bytes).
    Removing gpio.o(i.GPIOPinTypeEthernetLED), (28 bytes).
    Removing gpio.o(i.GPIOPinTypeEthernetMII), (28 bytes).
    Removing gpio.o(i.GPIOPinTypeFan), (28 bytes).
    Removing gpio.o(i.GPIOPinTypeGPIOInput), (28 bytes).
    Removing gpio.o(i.GPIOPinTypeGPIOOutputOD), (28 bytes).
    Removing gpio.o(i.GPIOPinTypeI2C), (28 bytes).
    Removing gpio.o(i.GPIOPinTypeI2S), (28 bytes).
    Removing gpio.o(i.GPIOPinTypeLPC), (28 bytes).
    Removing gpio.o(i.GPIOPinTypePECIRx), (28 bytes).
    Removing gpio.o(i.GPIOPinTypePECITx), (28 bytes).
    Removing gpio.o(i.GPIOPinTypePWM), (28 bytes).
    Removing gpio.o(i.GPIOPinTypeQEI), (28 bytes).
    Removing gpio.o(i.GPIOPinTypeSSI), (28 bytes).
    Removing gpio.o(i.GPIOPinTypeUART), (28 bytes).
    Removing gpio.o(i.GPIOPinTypeUSBAnalog), (28 bytes).
    Removing gpio.o(i.GPIOPinTypeUSBDigital), (28 bytes).
    Removing gpio.o(i.GPIOPortIntRegister), (26 bytes).
    Removing gpio.o(i.GPIOPortIntUnregister), (22 bytes).
    Removing hibernate.o(i.HibernateBatCheckDone), (16 bytes).
    Removing hibernate.o(i.HibernateBatCheckStart), (20 bytes).
    Removing hibernate.o(i.HibernateClockConfig), (24 bytes).
    Removing hibernate.o(i.HibernateClockSelect), (20 bytes).
    Removing hibernate.o(i.HibernateDataGet), (36 bytes).
    Removing hibernate.o(i.HibernateDataSet), (48 bytes).
    Removing hibernate.o(i.HibernateDisable), (20 bytes).
    Removing hibernate.o(i.HibernateGPIORetentionDisable), (20 bytes).
    Removing hibernate.o(i.HibernateGPIORetentionGet), (20 bytes).
    Removing hibernate.o(i.HibernateIntClear), (16 bytes).
    Removing hibernate.o(i.HibernateIntDisable), (20 bytes).
    Removing hibernate.o(i.HibernateIntEnable), (16 bytes).
    Removing hibernate.o(i.HibernateIntRegister), (20 bytes).
    Removing hibernate.o(i.HibernateIntStatus), (20 bytes).
    Removing hibernate.o(i.HibernateIntUnregister), (18 bytes).
    Removing hibernate.o(i.HibernateIsActive), (16 bytes).
    Removing hibernate.o(i.HibernateLowBatGet), (16 bytes).
    Removing hibernate.o(i.HibernateLowBatSet), (24 bytes).
    Removing hibernate.o(i.HibernateRTCDisable), (20 bytes).
    Removing hibernate.o(i.HibernateRTCEnable), (20 bytes).
    Removing hibernate.o(i.HibernateRTCGet), (12 bytes).
    Removing hibernate.o(i.HibernateRTCMatch0Get), (12 bytes).
    Removing hibernate.o(i.HibernateRTCMatch0Set), (12 bytes).
    Removing hibernate.o(i.HibernateRTCMatch1Get), (12 bytes).
    Removing hibernate.o(i.HibernateRTCMatch1Set), (12 bytes).
    Removing hibernate.o(i.HibernateRTCSSGet), (16 bytes).
    Removing hibernate.o(i.HibernateRTCSSMatch0Get), (12 bytes).
    Removing hibernate.o(i.HibernateRTCSSMatch0Set), (16 bytes).
    Removing hibernate.o(i.HibernateRTCSet), (12 bytes).
    Removing hibernate.o(i.HibernateRTCTrimGet), (12 bytes).
    Removing hibernate.o(i.HibernateRTCTrimSet), (12 bytes).
    Removing hibernate.o(i.HibernateWakeGet), (16 bytes).
    Removing interrupt.o(i.IntDefaultHandler), (2 bytes).
    Removing interrupt.o(i.IntDisable), (100 bytes).
    Removing interrupt.o(i.IntIsEnabled), (96 bytes).
    Removing interrupt.o(i.IntMasterDisable), (10 bytes).
    Removing interrupt.o(i.IntMasterEnable), (10 bytes).
    Removing interrupt.o(i.IntPendClear), (68 bytes).
    Removing interrupt.o(i.IntPendSet), (84 bytes).
    Removing interrupt.o(i.IntPriorityGet), (28 bytes).
    Removing interrupt.o(i.IntPriorityGroupingGet), (40 bytes).
    Removing interrupt.o(i.IntPriorityGroupingSet), (28 bytes).
    Removing interrupt.o(i.IntPriorityMaskGet), (4 bytes).
    Removing interrupt.o(i.IntPriorityMaskSet), (4 bytes).
    Removing interrupt.o(i.IntPrioritySet), (40 bytes).
    Removing interrupt.o(i.IntUnregister), (20 bytes).
    Removing sysctl.o(i.SysCtlADCSpeedGet), (16 bytes).
    Removing sysctl.o(i.SysCtlBrownOutConfigSet), (16 bytes).
    Removing sysctl.o(i.SysCtlClkVerificationClear), (20 bytes).
    Removing sysctl.o(i.SysCtlClockSet), (364 bytes).
    Removing sysctl.o(i.SysCtlDeepSleep), (32 bytes).
    Removing sysctl.o(i.SysCtlDeepSleepClockSet), (12 bytes).
    Removing sysctl.o(i.SysCtlFlashSizeGet), (20 bytes).
    Removing sysctl.o(i.SysCtlGPIOAHBDisable), (20 bytes).
    Removing sysctl.o(i.SysCtlGPIOAHBEnable), (16 bytes).
    Removing sysctl.o(i.SysCtlI2SMClkSet), (216 bytes).
    Removing sysctl.o(i.SysCtlIOSCVerificationSet), (24 bytes).
    Removing sysctl.o(i.SysCtlIntClear), (12 bytes).
    Removing sysctl.o(i.SysCtlIntDisable), (16 bytes).
    Removing sysctl.o(i.SysCtlIntEnable), (16 bytes).
    Removing sysctl.o(i.SysCtlIntRegister), (20 bytes).
    Removing sysctl.o(i.SysCtlIntStatus), (16 bytes).
    Removing sysctl.o(i.SysCtlIntUnregister), (18 bytes).
    Removing sysctl.o(i.SysCtlLDOConfigSet), (12 bytes).
    Removing sysctl.o(i.SysCtlLDOGet), (12 bytes).
    Removing sysctl.o(i.SysCtlLDOSet), (12 bytes).
    Removing sysctl.o(i.SysCtlMOSCConfigSet), (12 bytes).
    Removing sysctl.o(i.SysCtlMOSCVerificationSet), (24 bytes).
    Removing sysctl.o(i.SysCtlPIOSCCalibrate), (76 bytes).
    Removing sysctl.o(i.SysCtlPLLVerificationSet), (24 bytes).
    Removing sysctl.o(i.SysCtlPWMClockGet), (24 bytes).
    Removing sysctl.o(i.SysCtlPWMClockSet), (20 bytes).
    Removing sysctl.o(i.SysCtlPeripheralClockGating), (24 bytes).
    Removing sysctl.o(i.SysCtlPeripheralDeepSleepDisable), (80 bytes).
    Removing sysctl.o(i.SysCtlPeripheralDeepSleepEnable), (80 bytes).
    Removing sysctl.o(i.SysCtlPeripheralDisable), (80 bytes).
    Removing sysctl.o(i.SysCtlPeripheralPowerOff), (72 bytes).
    Removing sysctl.o(i.SysCtlPeripheralPowerOn), (72 bytes).
    Removing sysctl.o(i.SysCtlPeripheralPresent), (112 bytes).
    Removing sysctl.o(i.SysCtlPeripheralReady), (72 bytes).
    Removing sysctl.o(i.SysCtlPeripheralReset), (120 bytes).
    Removing sysctl.o(i.SysCtlPeripheralSleepDisable), (80 bytes).
    Removing sysctl.o(i.SysCtlPeripheralSleepEnable), (80 bytes).
    Removing sysctl.o(i.SysCtlPinPresent), (16 bytes).
    Removing sysctl.o(i.SysCtlResetCauseClear), (16 bytes).
    Removing sysctl.o(i.SysCtlResetCauseGet), (12 bytes).
    Removing sysctl.o(i.SysCtlSRAMSizeGet), (20 bytes).
    Removing sysctl.o(i.SysCtlSleep), (4 bytes).
    Removing sysctl.o(i.SysCtlUSBPLLDisable), (16 bytes).
    Removing sysctl.o(i.SysCtlUSBPLLEnable), (16 bytes).
    Removing sysctl.o(.data), (4 bytes).
    Removing sysctl.o(.data), (4 bytes).
    Removing sysctl.o(.data), (4 bytes).
    Removing sysctl.o(.data), (1 bytes).
    Removing timer.o(i.TimerControlEvent), (18 bytes).
    Removing timer.o(i.TimerControlLevel), (22 bytes).
    Removing timer.o(i.TimerControlStall), (22 bytes).
    Removing timer.o(i.TimerControlTrigger), (22 bytes).
    Removing timer.o(i.TimerControlWaitOnTrigger), (48 bytes).
    Removing timer.o(i.TimerIntClear), (4 bytes).
    Removing timer.o(i.TimerIntDisable), (10 bytes).
    Removing timer.o(i.TimerIntEnable), (8 bytes).
    Removing timer.o(i.TimerIntStatus), (10 bytes).
    Removing timer.o(i.TimerIntUnregister), (80 bytes).
    Removing timer.o(i.TimerLoadGet), (10 bytes).
    Removing timer.o(i.TimerLoadGet64), (14 bytes).
    Removing timer.o(i.TimerLoadSet64), (6 bytes).
    Removing timer.o(i.TimerMatchGet), (10 bytes).
    Removing timer.o(i.TimerMatchGet64), (14 bytes).
    Removing timer.o(i.TimerMatchSet64), (6 bytes).
    Removing timer.o(i.TimerPrescaleGet), (10 bytes).
    Removing timer.o(i.TimerPrescaleMatchGet), (10 bytes).
    Removing timer.o(i.TimerPrescaleMatchSet), (18 bytes).
    Removing timer.o(i.TimerPrescaleSet), (18 bytes).
    Removing timer.o(i.TimerQuiesce), (152 bytes).
    Removing timer.o(i.TimerRTCDisable), (10 bytes).
    Removing timer.o(i.TimerRTCEnable), (10 bytes).
    Removing timer.o(i.TimerSynchronize), (4 bytes).
    Removing timer.o(i.TimerValueGet), (10 bytes).
    Removing timer.o(i.TimerValueGet64), (14 bytes).
    Removing uart.o(i.UART9BitAddrSend), (34 bytes).
    Removing uart.o(i.UART9BitAddrSet), (10 bytes).
    Removing uart.o(i.UART9BitDisable), (14 bytes).
    Removing uart.o(i.UART9BitEnable), (14 bytes).
    Removing uart.o(i.UARTBreakCtl), (18 bytes).
    Removing uart.o(i.UARTBusy), (8 bytes).
    Removing uart.o(i.UARTCharGet), (12 bytes).
    Removing uart.o(i.UARTCharPutNonBlocking), (16 bytes).
    Removing uart.o(i.UARTCharsAvail), (10 bytes).
    Removing uart.o(i.UARTClockSourceGet), (6 bytes).
    Removing uart.o(i.UARTClockSourceSet), (6 bytes).
    Removing uart.o(i.UARTConfigGetExpClk), (46 bytes).
    Removing uart.o(i.UARTConfigSetExpClk), (110 bytes).
    Removing uart.o(i.UARTDMADisable), (10 bytes).
    Removing uart.o(i.UARTDMAEnable), (8 bytes).
    Removing uart.o(i.UARTDisable), (30 bytes).
    Removing uart.o(i.UARTDisableSIR), (10 bytes).
    Removing uart.o(i.UARTEnable), (20 bytes).
    Removing uart.o(i.UARTEnableSIR), (18 bytes).
    Removing uart.o(i.UARTFIFODisable), (10 bytes).
    Removing uart.o(i.UARTFIFOEnable), (10 bytes).
    Removing uart.o(i.UARTFIFOLevelGet), (16 bytes).
    Removing uart.o(i.UARTFIFOLevelSet), (6 bytes).
    Removing uart.o(i.UARTFlowControlGet), (8 bytes).
    Removing uart.o(i.UARTFlowControlSet), (12 bytes).
    Removing uart.o(i.UARTIntClear), (4 bytes).
    Removing uart.o(i.UARTIntDisable), (10 bytes).
    Removing uart.o(i.UARTIntEnable), (8 bytes).
    Removing uart.o(i.UARTIntRegister), (52 bytes).
    Removing uart.o(i.UARTIntStatus), (10 bytes).
    Removing uart.o(i.UARTIntUnregister), (52 bytes).
    Removing uart.o(i.UARTModemControlClear), (14 bytes).
    Removing uart.o(i.UARTModemControlGet), (8 bytes).
    Removing uart.o(i.UARTModemControlSet), (12 bytes).
    Removing uart.o(i.UARTModemStatusGet), (10 bytes).
    Removing uart.o(i.UARTParityModeGet), (8 bytes).
    Removing uart.o(i.UARTParityModeSet), (12 bytes).
    Removing uart.o(i.UARTRxErrorClear), (6 bytes).
    Removing uart.o(i.UARTRxErrorGet), (8 bytes).
    Removing uart.o(i.UARTSmartCardDisable), (10 bytes).
    Removing uart.o(i.UARTSmartCardEnable), (22 bytes).
    Removing uart.o(i.UARTSpaceAvail), (10 bytes).
    Removing uart.o(i.UARTTxIntModeGet), (8 bytes).
    Removing uart.o(i.UARTTxIntModeSet), (12 bytes).
    Removing uart.o(.constdata), (64 bytes).
    Removing cpu.o(.emb_text), (38 bytes).
    Removing dadd.o(.text), (332 bytes).
    Removing dmul.o(.text), (224 bytes).
    Removing ddiv.o(.text), (222 bytes).
    Removing dfixul.o(.text), (48 bytes).
    Removing cdrcmple.o(.text), (40 bytes).
    Removing depilogue.o(.text), (190 bytes).

289 unused section(s) (total 9134 bytes) removed from the image.

==============================================================================

Image Symbol Table

    Local Symbols

    Symbol Name                              Value     Ov Type        Size  Object(Section)

    RESET                                    0x00000000   Section      648  startup_rvmdk.o(RESET)
    ../../../cmprslib/zerorunl2.c            0x00000000   Number         0  __dczerorl2.o ABSOLUTE
    ../../microlib/division.c                0x00000000   Number         0  uidiv.o ABSOLUTE
    ../../microlib/division.c                0x00000000   Number         0  uldiv.o ABSOLUTE
    ../../microlib/fpadd.c                   0x00000000   Number         0  dadd.o ABSOLUTE
    ../../microlib/fpdiv.c                   0x00000000   Number         0  ddiv.o ABSOLUTE
    ../../microlib/fpepilogue.c              0x00000000   Number         0  depilogue.o ABSOLUTE
    ../../microlib/fpfix.c                   0x00000000   Number         0  dfixul.o ABSOLUTE
    ../../microlib/fpmul.c                   0x00000000   Number         0  dmul.o ABSOLUTE
    ../../microlib/init/entry.s              0x00000000   Number         0  entry8.o ABSOLUTE
    ../../microlib/init/entry.s              0x00000000   Number         0  entry7b.o ABSOLUTE
    ../../microlib/init/entry.s              0x00000000   Number         0  entry.o ABSOLUTE
    ../../microlib/init/entry.s              0x00000000   Number         0  entry2.o ABSOLUTE
    ../../microlib/init/entry.s              0x00000000   Number         0  entry5.o ABSOLUTE
    ../../microlib/init/entry.s              0x00000000   Number         0  entry7a.o ABSOLUTE
    ../../microlib/longlong.c                0x00000000   Number         0  llsshr.o ABSOLUTE
    ../../microlib/longlong.c                0x00000000   Number         0  llushr.o ABSOLUTE
    ../../microlib/longlong.c                0x00000000   Number         0  llshl.o ABSOLUTE
    ../../microlib/malloc/malloc.c           0x00000000   Number         0  malloc.o ABSOLUTE
    ../../microlib/malloc/malloc.c           0x00000000   Number         0  mallocr.o ABSOLUTE
    ../../microlib/malloc/malloc.c           0x00000000   Number         0  malloca.o ABSOLUTE
    ../../microlib/malloc/malloc.c           0x00000000   Number         0  mallocra.o ABSOLUTE
    ../../microlib/malloc/mvars.c            0x00000000   Number         0  mvars.o ABSOLUTE
    ../../microlib/printf/printf.c           0x00000000   Number         0  printf3.o ABSOLUTE
    ../../microlib/printf/printf.c           0x00000000   Number         0  printf2.o ABSOLUTE
    ../../microlib/printf/printf.c           0x00000000   Number         0  printf1.o ABSOLUTE
    ../../microlib/printf/printf.c           0x00000000   Number         0  printf0.o ABSOLUTE
    ../../microlib/printf/printf.c           0x00000000   Number         0  printfb.o ABSOLUTE
    ../../microlib/printf/printf.c           0x00000000   Number         0  printf4.o ABSOLUTE
    ../../microlib/printf/printf.c           0x00000000   Number         0  printfa.o ABSOLUTE
    ../../microlib/printf/printf.c           0x00000000   Number         0  printf8.o ABSOLUTE
    ../../microlib/printf/printf.c           0x00000000   Number         0  printf7.o ABSOLUTE
    ../../microlib/printf/printf.c           0x00000000   Number         0  printf6.o ABSOLUTE
    ../../microlib/printf/printf.c           0x00000000   Number         0  printf5.o ABSOLUTE
    ../../microlib/printf/stubs.s            0x00000000   Number         0  stubs.o ABSOLUTE
    ../../microlib/stdio/fputc.c             0x00000000   Number         0  fputc.o ABSOLUTE
    ../../microlib/stdio/semi.s              0x00000000   Number         0  semi.o ABSOLUTE
    ../../microlib/stdio/streams.c           0x00000000   Number         0  stdout.o ABSOLUTE
    ../../microlib/string/memcpy.c           0x00000000   Number         0  memcpya.o ABSOLUTE
    ../../microlib/string/memcpy.c           0x00000000   Number         0  memcpyb.o ABSOLUTE
    ../../microlib/string/strcat.c           0x00000000   Number         0  strcat.o ABSOLUTE
    ../../microlib/string/strcpy.c           0x00000000   Number         0  strcpy.o ABSOLUTE
    ../../microlib/string/strlen.c           0x00000000   Number         0  strlen.o ABSOLUTE
    ../../microlib/stubs.s                   0x00000000   Number         0  iusefp.o ABSOLUTE
    ../../microlib/stubs.s                   0x00000000   Number         0  iusesemip.o ABSOLUTE
    ..\..\..\driverlib\pwm.c                 0x00000000   Number         0  pwm.o ABSOLUTE
    GPRS_comm.c                              0x00000000   Number         0  gprs_comm.o ABSOLUTE
    adc.c                                    0x00000000   Number         0  adc.o ABSOLUTE
    adc_run.c                                0x00000000   Number         0  adc_run.o ABSOLUTE
    cdrcmple.s                               0x00000000   Number         0  cdrcmple.o ABSOLUTE
    commands.c                               0x00000000   Number         0  commands.o ABSOLUTE
    cpu.c                                    0x00000000   Number         0  cpu.o ABSOLUTE
    cpu.c                                    0x00000000   Number         0  cpu.o ABSOLUTE
    dc.s                                     0x00000000   Number         0  dc.o ABSOLUTE
    gpio.c                                   0x00000000   Number         0  gpio.o ABSOLUTE
    handlers.s                               0x00000000   Number         0  handlers.o ABSOLUTE
    hibernate.c                              0x00000000   Number         0  hibernate.o ABSOLUTE
    i2c_comm.c                               0x00000000   Number         0  i2c_comm.o ABSOLUTE
    init.s                                   0x00000000   Number         0  init.o ABSOLUTE
    interrupt.c                              0x00000000   Number         0  interrupt.o ABSOLUTE
    lcd.c                                    0x00000000   Number         0  lcd.o ABSOLUTE
    main.c                                   0x00000000   Number         0  main.o ABSOLUTE
    pwm_gen.c                                0x00000000   Number         0  pwm_gen.o ABSOLUTE
    scheduler.c                              0x00000000   Number         0  scheduler.o ABSOLUTE
    startup_rvmdk.S                          0x00000000   Number         0  startup_rvmdk.o ABSOLUTE
    sysctl.c                                 0x00000000   Number         0  sysctl.o ABSOLUTE
    sysctl.c                                 0x00000000   Number         0  sysctl.o ABSOLUTE
    timer.c                                  0x00000000   Number         0  timer.o ABSOLUTE
    timer_operations.c                       0x00000000   Number         0  timer_operations.o ABSOLUTE
    uart.c                                   0x00000000   Number         0  uart.o ABSOLUTE
    uart_comm.c                              0x00000000   Number         0  uart_comm.o ABSOLUTE
    utils.c                                  0x00000000   Number         0  utils.o ABSOLUTE
    $v0                                      0x0000026c   Number         0  startup_rvmdk.o(RESET)
    NmiSR                                    0x00000281   Thumb Code     0  startup_rvmdk.o(RESET)
    FaultISR                                 0x00000283   Thumb Code     0  startup_rvmdk.o(RESET)
    IntDefaultHandler                        0x00000285   Thumb Code     0  startup_rvmdk.o(RESET)
    .ARM.Collect$$$$00000000                 0x00000288   Section        0  entry.o(.ARM.Collect$$$$00000000)
    .ARM.Collect$$$$00000001                 0x00000288   Section        4  entry2.o(.ARM.Collect$$$$00000001)
    .ARM.Collect$$$$00000004                 0x0000028c   Section        4  entry5.o(.ARM.Collect$$$$00000004)
    .ARM.Collect$$$$00000008                 0x00000290   Section        0  entry7b.o(.ARM.Collect$$$$00000008)
    .ARM.Collect$$$$00000009                 0x00000290   Section        8  entry8.o(.ARM.Collect$$$$00000009)
    .ARM.Collect$$$$00002712                 0x00000298   Section        4  entry2.o(.ARM.Collect$$$$00002712)
    __lit__00000000                          0x00000298   Data           4  entry2.o(.ARM.Collect$$$$00002712)
    .emb_text                                0x0000029c   Section        6  sysctl.o(.emb_text)
    $v0                                      0x0000029c   Number         0  sysctl.o(.emb_text)
    .text                                    0x000002a2   Section        0  strcat.o(.text)
    .text                                    0x000002be   Section        0  strlen.o(.text)
    .text                                    0x000002ce   Section        0  strcpy.o(.text)
    .text                                    0x000002e0   Section        0  uidiv.o(.text)
    .text                                    0x0000030c   Section       36  init.o(.text)
    .text                                    0x00000330   Section        0  __dczerorl2.o(.text)
    i.ADCIntClear                            0x0000038c   Section        0  adc.o(i.ADCIntClear)
    i.ADCIntStatus                           0x00000396   Section        0  adc.o(i.ADCIntStatus)
    i.ADCProcessorTrigger                    0x000003ca   Section        0  adc.o(i.ADCProcessorTrigger)
    i.ADCSequenceConfigure                   0x000003ea   Section        0  adc.o(i.ADCSequenceConfigure)
    i.ADCSequenceDataGet                     0x0000041c   Section        0  adc.o(i.ADCSequenceDataGet)
    i.ADCSequenceDisable                     0x00000440   Section        0  adc.o(i.ADCSequenceDisable)
    i.ADCSequenceEnable                      0x00000450   Section        0  adc.o(i.ADCSequenceEnable)
    i.ADCSequenceStepConfigure               0x0000045e   Section        0  adc.o(i.ADCSequenceStepConfigure)
    i.AsciiToHex                             0x000004e4   Section        0  utils.o(i.AsciiToHex)
    i.BlinkTransfer                          0x000005d8   Section        0  utils.o(i.BlinkTransfer)
    i.BlinkWithTimer                         0x00000610   Section        0  commands.o(i.BlinkWithTimer)
    i.CMD_reboot                             0x00000628   Section        0  commands.o(i.CMD_reboot)
    i.ConfigureI2CModule                     0x0000063c   Section        0  i2c_comm.o(i.ConfigureI2CModule)
    i.ConfigureTemperatureAdcModule          0x00000694   Section        0  adc_run.o(i.ConfigureTemperatureAdcModule)
    i.ConfigureVoltageAdcModule              0x000006f8   Section        0  adc_run.o(i.ConfigureVoltageAdcModule)
    i.DecimalToHex                           0x00000798   Section        0  utils.o(i.DecimalToHex)
    i.DisableAllTimers                       0x000007bc   Section        0  commands.o(i.DisableAllTimers)
    i.DisablePwmPin                          0x000007e4   Section        0  pwm_gen.o(i.DisablePwmPin)
    i.DoDifferenceReading                    0x00000810   Section        0  i2c_comm.o(i.DoDifferenceReading)
    i.EmergencyStop                          0x0000091c   Section        0  commands.o(i.EmergencyStop)
    i.EraseContainer                         0x00000984   Section        0  utils.o(i.EraseContainer)
    i.EraseGPRSContainer                     0x0000099c   Section        0  utils.o(i.EraseGPRSContainer)
    i.FillStructureI2C                       0x000009b4   Section        0  commands.o(i.FillStructureI2C)
    i.FillStructurePWM                       0x00000a84   Section        0  commands.o(i.FillStructurePWM)
    i.GPIODirModeSet                         0x00000b98   Section        0  gpio.o(i.GPIODirModeSet)
    i.GPIOPadConfigSet                       0x00000bc0   Section        0  gpio.o(i.GPIOPadConfigSet)
    i.GPIOPinConfigure                       0x00000c70   Section        0  gpio.o(i.GPIOPinConfigure)
    i.GPIOPinTypeADC                         0x00000cb8   Section        0  gpio.o(i.GPIOPinTypeADC)
    i.GPIOPinTypeGPIOOutput                  0x00000cd4   Section        0  gpio.o(i.GPIOPinTypeGPIOOutput)
    i.GPIOPinTypeI2CSCL                      0x00000cf0   Section        0  gpio.o(i.GPIOPinTypeI2CSCL)
    i.GPIOPinTypeTimer                       0x00000d74   Section        0  gpio.o(i.GPIOPinTypeTimer)
    i.GPIOPinWrite                           0x00000d90   Section        0  gpio.o(i.GPIOPinWrite)
    i.GPRSUARTIntHandler                     0x00000d98   Section        0  uart_comm.o(i.GPRSUARTIntHandler)
    i.GeneratePWM                            0x00000df4   Section        0  commands.o(i.GeneratePWM)
    i.GenerateVoltage                        0x00000e90   Section        0  i2c_comm.o(i.GenerateVoltage)
    i.GetAdcVoltage                          0x00000ed0   Section        0  commands.o(i.GetAdcVoltage)
    i.GetVoltage                             0x00001008   Section        0  adc_run.o(i.GetVoltage)
    i.HexToAscii                             0x0000107c   Section        0  utils.o(i.HexToAscii)
    i.HexToThousand                          0x000010f8   Section        0  utils.o(i.HexToThousand)
    i.HibernateEnableExpClk                  0x0000111c   Section        0  hibernate.o(i.HibernateEnableExpClk)
    i.HibernateGPIORetentionEnable           0x0000116c   Section        0  hibernate.o(i.HibernateGPIORetentionEnable)
    i.HibernateRequest                       0x00001180   Section        0  hibernate.o(i.HibernateRequest)
    i.HibernateWakeSet                       0x00001194   Section        0  hibernate.o(i.HibernateWakeSet)
    i.HibernateWriteComplete                 0x000011a8   Section        0  hibernate.o(i.HibernateWriteComplete)
    i.I2CReadSlaveDac                        0x000011e0   Section        0  i2c_comm.o(i.I2CReadSlaveDac)
    i.I2CWriteSlaveDac                       0x00001288   Section        0  i2c_comm.o(i.I2CWriteSlaveDac)
    i.InitDebugUart                          0x00001348   Section        0  uart_comm.o(i.InitDebugUart)
    i.InitGPRSModule                         0x000013b4   Section        0  gprs_comm.o(i.InitGPRSModule)
    i.InitGPRSUart                           0x00001440   Section        0  uart_comm.o(i.InitGPRSUart)
    i.InitSystemPeripherals                  0x000014b0   Section        0  main.o(i.InitSystemPeripherals)
    i.IntEnable                              0x000015e8   Section        0  interrupt.o(i.IntEnable)
    i.IntRegister                            0x0000164c   Section        0  interrupt.o(i.IntRegister)
    i.LcdInit                                0x00001680   Section        0  lcd.o(i.LcdInit)
    i.PSUStatusOnline                        0x000016b4   Section        0  utils.o(i.PSUStatusOnline)
    i.SendCommandInformation                 0x000016f0   Section        0  commands.o(i.SendCommandInformation)
    i.StartTimer1A                           0x00001a48   Section        0  timer_operations.o(i.StartTimer1A)
    i.StartTimer3A                           0x00001ad4   Section        0  timer_operations.o(i.StartTimer3A)
    i.SysCtlADCSpeedSet                      0x00001b60   Section        0  sysctl.o(i.SysCtlADCSpeedSet)
    i.SysCtlClockGet                         0x00001b80   Section        0  sysctl.o(i.SysCtlClockGet)
    i.SysCtlPeripheralEnable                 0x00001db0   Section        0  sysctl.o(i.SysCtlPeripheralEnable)
    i.SysCtlReset                            0x00001e00   Section        0  sysctl.o(i.SysCtlReset)
    i.SystemHybernate                        0x00001e10   Section        0  commands.o(i.SystemHybernate)
    i.ThinkMeter                             0x00001e44   Section        0  utils.o(i.ThinkMeter)
    i.Timer1IntHandler                       0x00001e8c   Section        0  timer_operations.o(i.Timer1IntHandler)
    i.Timer2IntHandler                       0x00001ec8   Section        0  timer_operations.o(i.Timer2IntHandler)
    i.Timer3IntHandler                       0x00001f04   Section        0  timer_operations.o(i.Timer3IntHandler)
    i.TimerConfigure                         0x00001f40   Section        0  timer.o(i.TimerConfigure)
    i.TimerDisable                           0x00001f64   Section        0  timer.o(i.TimerDisable)
    i.TimerEnable                            0x00001f74   Section        0  timer.o(i.TimerEnable)
    i.TimerIntRegister                       0x00001f84   Section        0  timer.o(i.TimerIntRegister)
    i.TimerLoadSet                           0x00001fdc   Section        0  timer.o(i.TimerLoadSet)
    i.TimerMatchSet                          0x00001fee   Section        0  timer.o(i.TimerMatchSet)
    i.UARTCharGetNonBlocking                 0x00002000   Section        0  uart.o(i.UARTCharGetNonBlocking)
    i.UARTCharPut                            0x00002010   Section        0  uart.o(i.UARTCharPut)
    i.UARTGPRSSendBlocking                   0x0000201c   Section        0  uart_comm.o(i.UARTGPRSSendBlocking)
    i.UARTIntHandler                         0x0000203c   Section        0  uart_comm.o(i.UARTIntHandler)
    i.UARTSendNoFIFOLimitation               0x00002098   Section        0  uart_comm.o(i.UARTSendNoFIFOLimitation)
    i.UARTSendOneByte                        0x000020fc   Section        0  uart_comm.o(i.UARTSendOneByte)
    i.__0snprintf$1                          0x00002114   Section        0  printf1.o(i.__0snprintf$1)
    i.__scatterload_copy                     0x0000213c   Section       14  handlers.o(i.__scatterload_copy)
    i.__scatterload_null                     0x0000214a   Section        2  handlers.o(i.__scatterload_null)
    i.__scatterload_zeroinit                 0x0000214c   Section       14  handlers.o(i.__scatterload_zeroinit)
    i._printf_core                           0x0000215c   Section        0  printf1.o(i._printf_core)
    _printf_core                             0x0000215d   Thumb Code   332  printf1.o(i._printf_core)
    i._snputc                                0x000022ac   Section        0  printf1.o(i._snputc)
    _snputc                                  0x000022ad   Thumb Code    22  printf1.o(i._snputc)
    i.checkModemData                         0x000022c2   Section        0  gprs_comm.o(i.checkModemData)
    i.clearLcd                               0x000022c6   Section        0  lcd.o(i.clearLcd)
    i.cmd                                    0x000022d8   Section        0  lcd.o(i.cmd)
    i.data                                   0x00002350   Section        0  lcd.o(i.data)
    i.exp10                                  0x000023cc   Section        0  utils.o(i.exp10)
    i.lcdMessage                             0x000023e4   Section        0  lcd.o(i.lcdMessage)
    i.main                                   0x00002428   Section        0  main.o(i.main)
    i.pseudo_8bit_cmd                        0x000024a8   Section        0  lcd.o(i.pseudo_8bit_cmd)
    i.sendGPRSCommand                        0x000024f8   Section        0  gprs_comm.o(i.sendGPRSCommand)
    i.sendVoltageGPRS                        0x00002520   Section        0  gprs_comm.o(i.sendVoltageGPRS)
    i.string                                 0x000025b4   Section        0  lcd.o(i.string)
    i.verifyComand                           0x000025cc   Section        0  commands.o(i.verifyComand)
    .constdata                               0x000028a0   Section      120  gpio.o(.constdata)
    g_pulGPIOBaseAddrs                       0x000028a0   Data         120  gpio.o(.constdata)
    .constdata                               0x00002918   Section      268  interrupt.o(.constdata)
    g_pulPriority                            0x00002918   Data          32  interrupt.o(.constdata)
    g_pulRegs                                0x00002938   Data         156  interrupt.o(.constdata)
    g_pulEnRegs                              0x000029d4   Data          20  interrupt.o(.constdata)
    g_pulDisRegs                             0x000029e8   Data          20  interrupt.o(.constdata)
    g_pulPendRegs                            0x000029fc   Data          20  interrupt.o(.constdata)
    g_pulUnpendRegs                          0x00002a10   Data          20  interrupt.o(.constdata)
    .constdata                               0x00002a24   Section      460  sysctl.o(.constdata)
    g_pulDCRegs                              0x00002a24   Data          16  sysctl.o(.constdata)
    g_pulSRCRRegs                            0x00002a34   Data          12  sysctl.o(.constdata)
    g_pulRCGCRegs                            0x00002a40   Data          12  sysctl.o(.constdata)
    g_pulSCGCRegs                            0x00002a4c   Data          12  sysctl.o(.constdata)
    g_pulDCGCRegs                            0x00002a58   Data          12  sysctl.o(.constdata)
    g_pulXtals                               0x00002a64   Data         108  sysctl.o(.constdata)
    g_ppulPeripheralMap                      0x00002ad0   Data         288  sysctl.o(.constdata)
    .constdata                               0x00002bf0   Section       96  timer.o(.constdata)
    g_ppulTimerIntMap                        0x00002bf0   Data          96  timer.o(.constdata)
    .conststring                             0x00002c50   Section      327  main.o(.conststring)
    .data                                    0x20000000   Section       68  main.o(.data)
    comm_check_at                            0x20000000   Data           4  main.o(.data)
    comm_check_current_operator              0x20000004   Data           4  main.o(.data)
    comm_check_signal_quality                0x20000008   Data           4  main.o(.data)
    comm_set_all_functionality               0x2000000c   Data           4  main.o(.data)
    comm_check_sim_unlock_status             0x20000010   Data           4  main.o(.data)
    comm_configure_bearer_apn                0x20000014   Data           4  main.o(.data)
    comm_configure_bearer_mode               0x20000018   Data           4  main.o(.data)
    comm_init_HTTP                           0x2000001c   Data           4  main.o(.data)
    comm_set_HTTP_params                     0x20000020   Data           4  main.o(.data)
    comm_do_HTTP_GET                         0x20000024   Data           4  main.o(.data)
    comm_enable_get_time                     0x20000028   Data           4  main.o(.data)
    comm_get_time                            0x2000002c   Data           4  main.o(.data)
    http_get_prefix                          0x20000030   Data           4  main.o(.data)
    http_url_payload                         0x20000034   Data           4  main.o(.data)
    http_url_terminator                      0x20000038   Data           4  main.o(.data)
    .data                                    0x20000044   Section        4  commands.o(.data)
    .data                                    0x20000048   Section        3  timer_operations.o(.data)
    .data                                    0x2000004c   Section       16  adc_run.o(.data)
    .data                                    0x2000005c   Section       61  gprs_comm.o(.data)
    comm_check_at                            0x2000005c   Data           4  gprs_comm.o(.data)
    comm_check_current_operator              0x20000060   Data           4  gprs_comm.o(.data)
    comm_check_signal_quality                0x20000064   Data           4  gprs_comm.o(.data)
    comm_set_all_functionality               0x20000068   Data           4  gprs_comm.o(.data)
    comm_check_sim_unlock_status             0x2000006c   Data           4  gprs_comm.o(.data)
    comm_configure_bearer_apn                0x20000070   Data           4  gprs_comm.o(.data)
    comm_configure_bearer_mode               0x20000074   Data           4  gprs_comm.o(.data)
    comm_init_HTTP                           0x20000078   Data           4  gprs_comm.o(.data)
    comm_set_HTTP_params                     0x2000007c   Data           4  gprs_comm.o(.data)
    comm_do_HTTP_GET                         0x20000080   Data           4  gprs_comm.o(.data)
    comm_enable_get_time                     0x20000084   Data           4  gprs_comm.o(.data)
    comm_get_time                            0x20000088   Data           4  gprs_comm.o(.data)
    http_get_prefix                          0x2000008c   Data           4  gprs_comm.o(.data)
    http_url_payload                         0x20000090   Data           4  gprs_comm.o(.data)
    http_url_terminator                      0x20000094   Data           4  gprs_comm.o(.data)
    .data                                    0x2000009c   Section        4  hibernate.o(.data)
    g_ulWriteDelay                           0x2000009c   Data           4  hibernate.o(.data)
    vtable                                   0x20000400   Section      620  interrupt.o(vtable)
    g_pfnRAMVectors                          0x20000400   Data         620  interrupt.o(vtable)
    .bss                                     0x2000066c   Section      256  main.o(.bss)
    .bss                                     0x2000076c   Section      100  commands.o(.bss)
    .bss                                     0x200007d0   Section       48  adc_run.o(.bss)
    STACK                                    0x20000800   Section      256  startup_rvmdk.o(STACK)
    StackMem                                 0x20000800   Data           0  startup_rvmdk.o(STACK)

    Global Symbols

    Symbol Name                              Value     Ov Type        Size  Object(Section)

    BuildAttributes$$THM_ISAv4$E$P$D$K$B$S$7EM$VFPi3$EXTD16$VFPS$VFMA$PE$A:L22UL41UL21$X:L11$S22US41US21$IEEE1$IW$USESV6$~STKCKD$USESV7$~SHL$OTIME$ROPI$EBA8$MICROLIB$REQ8$PRES8$EABIv2 0x00000000   Number         0  anon$$obj.o ABSOLUTE
    __ARM_use_no_argv                        0x00000000   Number         0  main.o ABSOLUTE
    __Vectors                                0x00000000   Data           0  startup_rvmdk.o(RESET)
    _printf_a                                0x00000000   Number         0  stubs.o ABSOLUTE
    _printf_c                                0x00000000   Number         0  stubs.o ABSOLUTE
    _printf_charcount                        0x00000000   Number         0  stubs.o ABSOLUTE
    _printf_d                                0x00000000   Number         0  stubs.o ABSOLUTE
    _printf_e                                0x00000000   Number         0  stubs.o ABSOLUTE
    _printf_f                                0x00000000   Number         0  stubs.o ABSOLUTE
    _printf_flags                            0x00000000   Number         0  stubs.o ABSOLUTE
    _printf_fp_dec                           0x00000000   Number         0  stubs.o ABSOLUTE
    _printf_fp_hex                           0x00000000   Number         0  stubs.o ABSOLUTE
    _printf_g                                0x00000000   Number         0  stubs.o ABSOLUTE
    _printf_i                                0x00000000   Number         0  stubs.o ABSOLUTE
    _printf_int_dec                          0x00000000   Number         0  stubs.o ABSOLUTE
    _printf_l                                0x00000000   Number         0  stubs.o ABSOLUTE
    _printf_lc                               0x00000000   Number         0  stubs.o ABSOLUTE
    _printf_ll                               0x00000000   Number         0  stubs.o ABSOLUTE
    _printf_lld                              0x00000000   Number         0  stubs.o ABSOLUTE
    _printf_lli                              0x00000000   Number         0  stubs.o ABSOLUTE
    _printf_llo                              0x00000000   Number         0  stubs.o ABSOLUTE
    _printf_llu                              0x00000000   Number         0  stubs.o ABSOLUTE
    _printf_llx                              0x00000000   Number         0  stubs.o ABSOLUTE
    _printf_longlong_dec                     0x00000000   Number         0  stubs.o ABSOLUTE
    _printf_longlong_hex                     0x00000000   Number         0  stubs.o ABSOLUTE
    _printf_longlong_oct                     0x00000000   Number         0  stubs.o ABSOLUTE
    _printf_ls                               0x00000000   Number         0  stubs.o ABSOLUTE
    _printf_mbtowc                           0x00000000   Number         0  stubs.o ABSOLUTE
    _printf_n                                0x00000000   Number         0  stubs.o ABSOLUTE
    _printf_o                                0x00000000   Number         0  stubs.o ABSOLUTE
    _printf_p                                0x00000000   Number         0  stubs.o ABSOLUTE
    _printf_percent                          0x00000000   Number         0  stubs.o ABSOLUTE
    _printf_pre_padding                      0x00000000   Number         0  stubs.o ABSOLUTE
    _printf_return_value                     0x00000000   Number         0  stubs.o ABSOLUTE
    _printf_s                                0x00000000   Number         0  stubs.o ABSOLUTE
    _printf_sizespec                         0x00000000   Number         0  stubs.o ABSOLUTE
    _printf_str                              0x00000000   Number         0  stubs.o ABSOLUTE
    _printf_truncate_signed                  0x00000000   Number         0  stubs.o ABSOLUTE
    _printf_truncate_unsigned                0x00000000   Number         0  stubs.o ABSOLUTE
    _printf_u                                0x00000000   Number         0  stubs.o ABSOLUTE
    _printf_wc                               0x00000000   Number         0  stubs.o ABSOLUTE
    _printf_wctomb                           0x00000000   Number         0  stubs.o ABSOLUTE
    _printf_widthprec                        0x00000000   Number         0  stubs.o ABSOLUTE
    _printf_x                                0x00000000   Number         0  stubs.o ABSOLUTE
    _clock_init                               - Undefined Weak Reference
    Reset_Handler                            0x0000026d   Thumb Code     0  startup_rvmdk.o(RESET)
    __main                                   0x00000289   Thumb Code     0  entry.o(.ARM.Collect$$$$00000000)
    _main_stk                                0x00000289   Thumb Code     0  entry2.o(.ARM.Collect$$$$00000001)
    _main_scatterload                        0x0000028d   Thumb Code     0  entry5.o(.ARM.Collect$$$$00000004)
    __main_after_scatterload                 0x00000291   Thumb Code     0  entry5.o(.ARM.Collect$$$$00000004)
    _main_clock                              0x00000291   Thumb Code     0  entry7b.o(.ARM.Collect$$$$00000008)
    _main_init                               0x00000291   Thumb Code     0  entry8.o(.ARM.Collect$$$$00000009)
    SysCtlDelay                              0x0000029d   Thumb Code     6  sysctl.o(.emb_text)
    strcat                                   0x000002a3   Thumb Code    28  strcat.o(.text)
    strlen                                   0x000002bf   Thumb Code    16  strlen.o(.text)
    strcpy                                   0x000002cf   Thumb Code    18  strcpy.o(.text)
    __aeabi_uidiv                            0x000002e1   Thumb Code     0  uidiv.o(.text)
    __aeabi_uidivmod                         0x000002e1   Thumb Code    44  uidiv.o(.text)
    __scatterload                            0x0000030d   Thumb Code    28  init.o(.text)
    __scatterload_rt2                        0x0000030d   Thumb Code     0  init.o(.text)
    __decompress                             0x00000331   Thumb Code     0  __dczerorl2.o(.text)
    __decompress1                            0x00000331   Thumb Code    92  __dczerorl2.o(.text)
    ADCIntClear                              0x0000038d   Thumb Code    10  adc.o(i.ADCIntClear)
    ADCIntStatus                             0x00000397   Thumb Code    52  adc.o(i.ADCIntStatus)
    ADCProcessorTrigger                      0x000003cb   Thumb Code    32  adc.o(i.ADCProcessorTrigger)
    ADCSequenceConfigure                     0x000003eb   Thumb Code    50  adc.o(i.ADCSequenceConfigure)
    ADCSequenceDataGet                       0x0000041d   Thumb Code    36  adc.o(i.ADCSequenceDataGet)
    ADCSequenceDisable                       0x00000441   Thumb Code    16  adc.o(i.ADCSequenceDisable)
    ADCSequenceEnable                        0x00000451   Thumb Code    14  adc.o(i.ADCSequenceEnable)
    ADCSequenceStepConfigure                 0x0000045f   Thumb Code   132  adc.o(i.ADCSequenceStepConfigure)
    AsciiToHex                               0x000004e5   Thumb Code   200  utils.o(i.AsciiToHex)
    BlinkTransfer                            0x000005d9   Thumb Code    52  utils.o(i.BlinkTransfer)
    BlinkWithTimer                           0x00000611   Thumb Code    24  commands.o(i.BlinkWithTimer)
    CMD_reboot                               0x00000629   Thumb Code    20  commands.o(i.CMD_reboot)
    ConfigureI2CModule                       0x0000063d   Thumb Code    72  i2c_comm.o(i.ConfigureI2CModule)
    ConfigureTemperatureAdcModule            0x00000695   Thumb Code    94  adc_run.o(i.ConfigureTemperatureAdcModule)
    ConfigureVoltageAdcModule                0x000006f9   Thumb Code   152  adc_run.o(i.ConfigureVoltageAdcModule)
    DecimalToHex                             0x00000799   Thumb Code    36  utils.o(i.DecimalToHex)
    DisableAllTimers                         0x000007bd   Thumb Code    28  commands.o(i.DisableAllTimers)
    DisablePwmPin                            0x000007e5   Thumb Code    34  pwm_gen.o(i.DisablePwmPin)
    DoDifferenceReading                      0x00000811   Thumb Code   174  i2c_comm.o(i.DoDifferenceReading)
    EmergencyStop                            0x0000091d   Thumb Code    44  commands.o(i.EmergencyStop)
    EraseContainer                           0x00000985   Thumb Code    18  utils.o(i.EraseContainer)
    EraseGPRSContainer                       0x0000099d   Thumb Code    18  utils.o(i.EraseGPRSContainer)
    FillStructureI2C                         0x000009b5   Thumb Code   200  commands.o(i.FillStructureI2C)
    FillStructurePWM                         0x00000a85   Thumb Code   266  commands.o(i.FillStructurePWM)
    GPIODirModeSet                           0x00000b99   Thumb Code    40  gpio.o(i.GPIODirModeSet)
    GPIOPadConfigSet                         0x00000bc1   Thumb Code   176  gpio.o(i.GPIOPadConfigSet)
    GPIOPinConfigure                         0x00000c71   Thumb Code    64  gpio.o(i.GPIOPinConfigure)
    GPIOPinTypeADC                           0x00000cb9   Thumb Code    28  gpio.o(i.GPIOPinTypeADC)
    GPIOPinTypeGPIOOutput                    0x00000cd5   Thumb Code    28  gpio.o(i.GPIOPinTypeGPIOOutput)
    GPIOPinTypeI2CSCL                        0x00000cf1   Thumb Code   124  gpio.o(i.GPIOPinTypeI2CSCL)
    GPIOPinTypeTimer                         0x00000d75   Thumb Code    28  gpio.o(i.GPIOPinTypeTimer)
    GPIOPinWrite                             0x00000d91   Thumb Code     6  gpio.o(i.GPIOPinWrite)
    GPRSUARTIntHandler                       0x00000d99   Thumb Code    78  uart_comm.o(i.GPRSUARTIntHandler)
    GeneratePWM                              0x00000df5   Thumb Code    96  commands.o(i.GeneratePWM)
    GenerateVoltage                          0x00000e91   Thumb Code    62  i2c_comm.o(i.GenerateVoltage)
    GetAdcVoltage                            0x00000ed1   Thumb Code   288  commands.o(i.GetAdcVoltage)
    GetVoltage                               0x00001009   Thumb Code    98  adc_run.o(i.GetVoltage)
    HexToAscii                               0x0000107d   Thumb Code   124  utils.o(i.HexToAscii)
    HexToThousand                            0x000010f9   Thumb Code    34  utils.o(i.HexToThousand)
    HibernateEnableExpClk                    0x0000111d   Thumb Code    64  hibernate.o(i.HibernateEnableExpClk)
    HibernateGPIORetentionEnable             0x0000116d   Thumb Code    14  hibernate.o(i.HibernateGPIORetentionEnable)
    HibernateRequest                         0x00001181   Thumb Code    14  hibernate.o(i.HibernateRequest)
    HibernateWakeSet                         0x00001195   Thumb Code    16  hibernate.o(i.HibernateWakeSet)
    HibernateWriteComplete                   0x000011a9   Thumb Code    40  hibernate.o(i.HibernateWriteComplete)
    I2CReadSlaveDac                          0x000011e1   Thumb Code   164  i2c_comm.o(i.I2CReadSlaveDac)
    I2CWriteSlaveDac                         0x00001289   Thumb Code   188  i2c_comm.o(i.I2CWriteSlaveDac)
    InitDebugUart                            0x00001349   Thumb Code   102  uart_comm.o(i.InitDebugUart)
    InitGPRSModule                           0x000013b5   Thumb Code    96  gprs_comm.o(i.InitGPRSModule)
    InitGPRSUart                             0x00001441   Thumb Code   100  uart_comm.o(i.InitGPRSUart)
    InitSystemPeripherals                    0x000014b1   Thumb Code   266  main.o(i.InitSystemPeripherals)
    IntEnable                                0x000015e9   Thumb Code    92  interrupt.o(i.IntEnable)
    IntRegister                              0x0000164d   Thumb Code    44  interrupt.o(i.IntRegister)
    LcdInit                                  0x00001681   Thumb Code    50  lcd.o(i.LcdInit)
    PSUStatusOnline                          0x000016b5   Thumb Code    50  utils.o(i.PSUStatusOnline)
    SendCommandInformation                   0x000016f1   Thumb Code   340  commands.o(i.SendCommandInformation)
    StartTimer1A                             0x00001a49   Thumb Code   124  timer_operations.o(i.StartTimer1A)
    StartTimer3A                             0x00001ad5   Thumb Code   124  timer_operations.o(i.StartTimer3A)
    SysCtlADCSpeedSet                        0x00001b61   Thumb Code    28  sysctl.o(i.SysCtlADCSpeedSet)
    SysCtlClockGet                           0x00001b81   Thumb Code   514  sysctl.o(i.SysCtlClockGet)
    SysCtlPeripheralEnable                   0x00001db1   Thumb Code    70  sysctl.o(i.SysCtlPeripheralEnable)
    SysCtlReset                              0x00001e01   Thumb Code     8  sysctl.o(i.SysCtlReset)
    SystemHybernate                          0x00001e11   Thumb Code    46  commands.o(i.SystemHybernate)
    ThinkMeter                               0x00001e45   Thumb Code    68  utils.o(i.ThinkMeter)
    Timer1IntHandler                         0x00001e8d   Thumb Code    52  timer_operations.o(i.Timer1IntHandler)
    Timer2IntHandler                         0x00001ec9   Thumb Code    52  timer_operations.o(i.Timer2IntHandler)
    Timer3IntHandler                         0x00001f05   Thumb Code    52  timer_operations.o(i.Timer3IntHandler)
    TimerConfigure                           0x00001f41   Thumb Code    36  timer.o(i.TimerConfigure)
    TimerDisable                             0x00001f65   Thumb Code    16  timer.o(i.TimerDisable)
    TimerEnable                              0x00001f75   Thumb Code    14  timer.o(i.TimerEnable)
    TimerIntRegister                         0x00001f85   Thumb Code    82  timer.o(i.TimerIntRegister)
    TimerLoadSet                             0x00001fdd   Thumb Code    18  timer.o(i.TimerLoadSet)
    TimerMatchSet                            0x00001fef   Thumb Code    18  timer.o(i.TimerMatchSet)
    UARTCharGetNonBlocking                   0x00002001   Thumb Code    16  uart.o(i.UARTCharGetNonBlocking)
    UARTCharPut                              0x00002011   Thumb Code    12  uart.o(i.UARTCharPut)
    UARTGPRSSendBlocking                     0x0000201d   Thumb Code    28  uart_comm.o(i.UARTGPRSSendBlocking)
    UARTIntHandler                           0x0000203d   Thumb Code    78  uart_comm.o(i.UARTIntHandler)
    UARTSendNoFIFOLimitation                 0x00002099   Thumb Code   100  uart_comm.o(i.UARTSendNoFIFOLimitation)
    UARTSendOneByte                          0x000020fd   Thumb Code    20  uart_comm.o(i.UARTSendOneByte)
    __0snprintf$1                            0x00002115   Thumb Code    36  printf1.o(i.__0snprintf$1)
    __1snprintf$1                            0x00002115   Thumb Code     0  printf1.o(i.__0snprintf$1)
    __2snprintf                              0x00002115   Thumb Code     0  printf1.o(i.__0snprintf$1)
    __scatterload_copy                       0x0000213d   Thumb Code    14  handlers.o(i.__scatterload_copy)
    __scatterload_null                       0x0000214b   Thumb Code     2  handlers.o(i.__scatterload_null)
    __scatterload_zeroinit                   0x0000214d   Thumb Code    14  handlers.o(i.__scatterload_zeroinit)
    checkModemData                           0x000022c3   Thumb Code     4  gprs_comm.o(i.checkModemData)
    clearLcd                                 0x000022c7   Thumb Code    18  lcd.o(i.clearLcd)
    cmd                                      0x000022d9   Thumb Code   108  lcd.o(i.cmd)
    data                                     0x00002351   Thumb Code   112  lcd.o(i.data)
    exp10                                    0x000023cd   Thumb Code    22  utils.o(i.exp10)
    lcdMessage                               0x000023e5   Thumb Code    58  lcd.o(i.lcdMessage)
    main                                     0x00002429   Thumb Code    82  main.o(i.main)
    pseudo_8bit_cmd                          0x000024a9   Thumb Code    68  lcd.o(i.pseudo_8bit_cmd)
    sendGPRSCommand                          0x000024f9   Thumb Code    38  gprs_comm.o(i.sendGPRSCommand)
    sendVoltageGPRS                          0x00002521   Thumb Code   128  gprs_comm.o(i.sendVoltageGPRS)
    string                                   0x000025b5   Thumb Code    22  lcd.o(i.string)
    verifyComand                             0x000025cd   Thumb Code   312  commands.o(i.verifyComand)
    Region$$Table$$Base                      0x00002d98   Number         0  anon$$obj.o(Region$$Table)
    Region$$Table$$Limit                     0x00002db8   Number         0  anon$$obj.o(Region$$Table)
    flagUartReceive                          0x2000003c   Data           1  main.o(.data)
    flagGPRSUartReceive                      0x2000003d   Data           1  main.o(.data)
    running_led                              0x20000040   Data           4  main.o(.data)
    NOT_WRONG_INFO                           0x20000044   Data           1  commands.o(.data)
    COMMAND_NOT_OK                           0x20000045   Data           1  commands.o(.data)
    DISABLE_PSU_FLAG                         0x20000046   Data           1  commands.o(.data)
    CRITICAL                                 0x20000047   Data           1  commands.o(.data)
    TIMER1A_OVERFLOW                         0x20000048   Data           1  timer_operations.o(.data)
    TIMER2A_OVERFLOW                         0x20000049   Data           1  timer_operations.o(.data)
    TIMER3A_OVERFLOW                         0x2000004a   Data           1  timer_operations.o(.data)
    ulTempAvg                                0x2000004c   Data           4  adc_run.o(.data)
    ulVoltageAvg                             0x20000050   Data           4  adc_run.o(.data)
    ulTempValueC                             0x20000054   Data           4  adc_run.o(.data)
    voltage                                  0x20000058   Data           4  adc_run.o(.data)
    GPRSModuleInitialisationState            0x20000098   Data           1  gprs_comm.o(.data)
    container                                0x2000066c   Data         128  main.o(.bss)
    GPRScontainer                            0x200006ec   Data         128  main.o(.bss)
    PWMCommand                               0x2000076c   Data          64  commands.o(.bss)
    I2CCommand                               0x200007ac   Data          36  commands.o(.bss)
    ulADC0Value                              0x200007d0   Data          32  adc_run.o(.bss)
    ulADC1Value                              0x200007f0   Data          16  adc_run.o(.bss)
    __initial_sp                             0x20000900   Data           0  startup_rvmdk.o(STACK)



==============================================================================

Memory Map of the image

  Image Entry point : 0x0000026d

  Load Region LR_IROM (Base: 0x00000000, Size: 0x00003424, Max: 0x00040000, ABSOLUTE, COMPRESSED[0x00002df8])

    Execution Region ER_IROM (Base: 0x00000000, Size: 0x00002db8, Max: 0x00040000, ABSOLUTE)

    Base Addr    Size         Type   Attr      Idx    E Section Name        Object

    0x00000000   0x00000288   Code   RO            3  * RESET               startup_rvmdk.o
    0x00000288   0x00000000   Code   RO         2564  * .ARM.Collect$$$$00000000  mc_w.l(entry.o)
    0x00000288   0x00000004   Code   RO         2862    .ARM.Collect$$$$00000001  mc_w.l(entry2.o)
    0x0000028c   0x00000004   Code   RO         2865    .ARM.Collect$$$$00000004  mc_w.l(entry5.o)
    0x00000290   0x00000000   Code   RO         2867    .ARM.Collect$$$$00000008  mc_w.l(entry7b.o)
    0x00000290   0x00000008   Code   RO         2868    .ARM.Collect$$$$00000009  mc_w.l(entry8.o)
    0x00000298   0x00000004   Code   RO         2863    .ARM.Collect$$$$00002712  mc_w.l(entry2.o)
    0x0000029c   0x00000006   Code   RO         1754    .emb_text           driverlib-cm4f.lib(sysctl.o)
    0x000002a2   0x0000001c   Code   RO         2567    .text               mc_w.l(strcat.o)
    0x000002be   0x00000010   Code   RO         2569    .text               mc_w.l(strlen.o)
    0x000002ce   0x00000012   Code   RO         2571    .text               mc_w.l(strcpy.o)
    0x000002e0   0x0000002c   Code   RO         2872    .text               mc_w.l(uidiv.o)
    0x0000030c   0x00000024   Code   RO         2893    .text               mc_w.l(init.o)
    0x00000330   0x0000005c   Code   RO         2913    .text               mc_w.l(__dczerorl2.o)
    0x0000038c   0x0000000a   Code   RO          906    i.ADCIntClear       driverlib-cm4f.lib(adc.o)
    0x00000396   0x00000034   Code   RO          910    i.ADCIntStatus      driverlib-cm4f.lib(adc.o)
    0x000003ca   0x00000020   Code   RO          914    i.ADCProcessorTrigger  driverlib-cm4f.lib(adc.o)
    0x000003ea   0x00000032   Code   RO          919    i.ADCSequenceConfigure  driverlib-cm4f.lib(adc.o)
    0x0000041c   0x00000024   Code   RO          920    i.ADCSequenceDataGet  driverlib-cm4f.lib(adc.o)
    0x00000440   0x00000010   Code   RO          921    i.ADCSequenceDisable  driverlib-cm4f.lib(adc.o)
    0x00000450   0x0000000e   Code   RO          922    i.ADCSequenceEnable  driverlib-cm4f.lib(adc.o)
    0x0000045e   0x00000084   Code   RO          925    i.ADCSequenceStepConfigure  driverlib-cm4f.lib(adc.o)
    0x000004e2   0x00000002   PAD
    0x000004e4   0x000000f4   Code   RO          707    i.AsciiToHex        utils.o
    0x000005d8   0x00000038   Code   RO          708    i.BlinkTransfer     utils.o
    0x00000610   0x00000018   Code   RO          373    i.BlinkWithTimer    commands.o
    0x00000628   0x00000014   Code   RO          374    i.CMD_reboot        commands.o
    0x0000063c   0x00000058   Code   RO          671    i.ConfigureI2CModule  i2c_comm.o
    0x00000694   0x00000064   Code   RO          583    i.ConfigureTemperatureAdcModule  adc_run.o
    0x000006f8   0x000000a0   Code   RO          584    i.ConfigureVoltageAdcModule  adc_run.o
    0x00000798   0x00000024   Code   RO          709    i.DecimalToHex      utils.o
    0x000007bc   0x00000028   Code   RO          375    i.DisableAllTimers  commands.o
    0x000007e4   0x0000002c   Code   RO          779    i.DisablePwmPin     pwm_gen.o
    0x00000810   0x0000010c   Code   RO          672    i.DoDifferenceReading  i2c_comm.o
    0x0000091c   0x00000068   Code   RO          377    i.EmergencyStop     commands.o
    0x00000984   0x00000018   Code   RO          710    i.EraseContainer    utils.o
    0x0000099c   0x00000018   Code   RO          711    i.EraseGPRSContainer  utils.o
    0x000009b4   0x000000d0   Code   RO          378    i.FillStructureI2C  commands.o
    0x00000a84   0x00000114   Code   RO          379    i.FillStructurePWM  commands.o
    0x00000b98   0x00000028   Code   RO         1133    i.GPIODirModeSet    driverlib-cm4f.lib(gpio.o)
    0x00000bc0   0x000000b0   Code   RO         1138    i.GPIOPadConfigSet  driverlib-cm4f.lib(gpio.o)
    0x00000c70   0x00000048   Code   RO         1139    i.GPIOPinConfigure  driverlib-cm4f.lib(gpio.o)
    0x00000cb8   0x0000001c   Code   RO         1145    i.GPIOPinTypeADC    driverlib-cm4f.lib(gpio.o)
    0x00000cd4   0x0000001c   Code   RO         1153    i.GPIOPinTypeGPIOOutput  driverlib-cm4f.lib(gpio.o)
    0x00000cf0   0x00000084   Code   RO         1156    i.GPIOPinTypeI2CSCL  driverlib-cm4f.lib(gpio.o)
    0x00000d74   0x0000001c   Code   RO         1164    i.GPIOPinTypeTimer  driverlib-cm4f.lib(gpio.o)
    0x00000d90   0x00000006   Code   RO         1168    i.GPIOPinWrite      driverlib-cm4f.lib(gpio.o)
    0x00000d96   0x00000002   PAD
    0x00000d98   0x0000005c   Code   RO          469    i.GPRSUARTIntHandler  uart_comm.o
    0x00000df4   0x0000009c   Code   RO          380    i.GeneratePWM       commands.o
    0x00000e90   0x0000003e   Code   RO          673    i.GenerateVoltage   i2c_comm.o
    0x00000ece   0x00000002   PAD
    0x00000ed0   0x00000138   Code   RO          381    i.GetAdcVoltage     commands.o
    0x00001008   0x00000074   Code   RO          586    i.GetVoltage        adc_run.o
    0x0000107c   0x0000007c   Code   RO          713    i.HexToAscii        utils.o
    0x000010f8   0x00000022   Code   RO          714    i.HexToThousand     utils.o
    0x0000111a   0x00000002   PAD
    0x0000111c   0x00000050   Code   RO         1412    i.HibernateEnableExpClk  driverlib-cm4f.lib(hibernate.o)
    0x0000116c   0x00000014   Code   RO         1414    i.HibernateGPIORetentionEnable  driverlib-cm4f.lib(hibernate.o)
    0x00001180   0x00000014   Code   RO         1438    i.HibernateRequest  driverlib-cm4f.lib(hibernate.o)
    0x00001194   0x00000014   Code   RO         1440    i.HibernateWakeSet  driverlib-cm4f.lib(hibernate.o)
    0x000011a8   0x00000038   Code   RO         1441    i.HibernateWriteComplete  driverlib-cm4f.lib(hibernate.o)
    0x000011e0   0x000000a8   Code   RO          674    i.I2CReadSlaveDac   i2c_comm.o
    0x00001288   0x000000c0   Code   RO          675    i.I2CWriteSlaveDac  i2c_comm.o
    0x00001348   0x0000006c   Code   RO          470    i.InitDebugUart     uart_comm.o
    0x000013b4   0x0000008c   Code   RO          791    i.InitGPRSModule    gprs_comm.o
    0x00001440   0x00000070   Code   RO          471    i.InitGPRSUart      uart_comm.o
    0x000014b0   0x00000138   Code   RO            9    i.InitSystemPeripherals  main.o
    0x000015e8   0x00000064   Code   RO         1646    i.IntEnable         driverlib-cm4f.lib(interrupt.o)
    0x0000164c   0x00000034   Code   RO         1658    i.IntRegister       driverlib-cm4f.lib(interrupt.o)
    0x00001680   0x00000032   Code   RO          620    i.LcdInit           lcd.o
    0x000016b2   0x00000002   PAD
    0x000016b4   0x0000003c   Code   RO          715    i.PSUStatusOnline   utils.o
    0x000016f0   0x00000358   Code   RO          382    i.SendCommandInformation  commands.o
    0x00001a48   0x0000008c   Code   RO          538    i.StartTimer1A      timer_operations.o
    0x00001ad4   0x0000008c   Code   RO          540    i.StartTimer3A      timer_operations.o
    0x00001b60   0x00000020   Code   RO         1756    i.SysCtlADCSpeedSet  driverlib-cm4f.lib(sysctl.o)
    0x00001b80   0x00000230   Code   RO         1759    i.SysCtlClockGet    driverlib-cm4f.lib(sysctl.o)
    0x00001db0   0x00000050   Code   RO         1787    i.SysCtlPeripheralEnable  driverlib-cm4f.lib(sysctl.o)
    0x00001e00   0x00000010   Code   RO         1796    i.SysCtlReset       driverlib-cm4f.lib(sysctl.o)
    0x00001e10   0x00000034   Code   RO          383    i.SystemHybernate   commands.o
    0x00001e44   0x00000048   Code   RO          716    i.ThinkMeter        utils.o
    0x00001e8c   0x0000003c   Code   RO          541    i.Timer1IntHandler  timer_operations.o
    0x00001ec8   0x0000003c   Code   RO          542    i.Timer2IntHandler  timer_operations.o
    0x00001f04   0x0000003c   Code   RO          543    i.Timer3IntHandler  timer_operations.o
    0x00001f40   0x00000024   Code   RO         2059    i.TimerConfigure    driverlib-cm4f.lib(timer.o)
    0x00001f64   0x00000010   Code   RO         2065    i.TimerDisable      driverlib-cm4f.lib(timer.o)
    0x00001f74   0x0000000e   Code   RO         2066    i.TimerEnable       driverlib-cm4f.lib(timer.o)
    0x00001f82   0x00000002   PAD
    0x00001f84   0x00000058   Code   RO         2070    i.TimerIntRegister  driverlib-cm4f.lib(timer.o)
    0x00001fdc   0x00000012   Code   RO         2075    i.TimerLoadSet      driverlib-cm4f.lib(timer.o)
    0x00001fee   0x00000012   Code   RO         2079    i.TimerMatchSet     driverlib-cm4f.lib(timer.o)
    0x00002000   0x00000010   Code   RO         2272    i.UARTCharGetNonBlocking  driverlib-cm4f.lib(uart.o)
    0x00002010   0x0000000c   Code   RO         2273    i.UARTCharPut       driverlib-cm4f.lib(uart.o)
    0x0000201c   0x00000020   Code   RO          473    i.UARTGPRSSendBlocking  uart_comm.o
    0x0000203c   0x0000005c   Code   RO          475    i.UARTIntHandler    uart_comm.o
    0x00002098   0x00000064   Code   RO          477    i.UARTSendNoFIFOLimitation  uart_comm.o
    0x000020fc   0x00000018   Code   RO          478    i.UARTSendOneByte   uart_comm.o
    0x00002114   0x00000028   Code   RO         2619    i.__0snprintf$1     mc_w.l(printf1.o)
    0x0000213c   0x0000000e   Code   RO         2907    i.__scatterload_copy  mc_w.l(handlers.o)
    0x0000214a   0x00000002   Code   RO         2908    i.__scatterload_null  mc_w.l(handlers.o)
    0x0000214c   0x0000000e   Code   RO         2909    i.__scatterload_zeroinit  mc_w.l(handlers.o)
    0x0000215a   0x00000002   PAD
    0x0000215c   0x00000150   Code   RO         2625    i._printf_core      mc_w.l(printf1.o)
    0x000022ac   0x00000016   Code   RO         2626    i._snputc           mc_w.l(printf1.o)
    0x000022c2   0x00000004   Code   RO          792    i.checkModemData    gprs_comm.o
    0x000022c6   0x00000012   Code   RO          621    i.clearLcd          lcd.o
    0x000022d8   0x00000078   Code   RO          622    i.cmd               lcd.o
    0x00002350   0x0000007c   Code   RO          623    i.data              lcd.o
    0x000023cc   0x00000016   Code   RO          717    i.exp10             utils.o
    0x000023e2   0x00000002   PAD
    0x000023e4   0x00000044   Code   RO          624    i.lcdMessage        lcd.o
    0x00002428   0x00000080   Code   RO           12    i.main              main.o
    0x000024a8   0x00000050   Code   RO          625    i.pseudo_8bit_cmd   lcd.o
    0x000024f8   0x00000026   Code   RO          793    i.sendGPRSCommand   gprs_comm.o
    0x0000251e   0x00000002   PAD
    0x00002520   0x00000094   Code   RO          794    i.sendVoltageGPRS   gprs_comm.o
    0x000025b4   0x00000016   Code   RO          626    i.string            lcd.o
    0x000025ca   0x00000002   PAD
    0x000025cc   0x000002d4   Code   RO          384    i.verifyComand      commands.o
    0x000028a0   0x00000078   Data   RO         1171    .constdata          driverlib-cm4f.lib(gpio.o)
    0x00002918   0x0000010c   Data   RO         1660    .constdata          driverlib-cm4f.lib(interrupt.o)
    0x00002a24   0x000001cc   Data   RO         1803    .constdata          driverlib-cm4f.lib(sysctl.o)
    0x00002bf0   0x00000060   Data   RO         2091    .constdata          driverlib-cm4f.lib(timer.o)
    0x00002c50   0x00000147   Data   RO           14    .conststring        main.o
    0x00002d97   0x00000001   PAD
    0x00002d98   0x00000020   Data   RO         2905    Region$$Table       anon$$obj.o


    Execution Region RW_IRAM (Base: 0x20000000, Size: 0x00000900, Max: 0x00008000, ABSOLUTE, COMPRESSED[0x00000040])

    Base Addr    Size         Type   Attr      Idx    E Section Name        Object

    0x20000000   0x00000044   Data   RW           15    .data               main.o
    0x20000044   0x00000004   Data   RW          386    .data               commands.o
    0x20000048   0x00000003   Data   RW          544    .data               timer_operations.o
    0x2000004b   0x00000001   PAD
    0x2000004c   0x00000010   Data   RW          588    .data               adc_run.o
    0x2000005c   0x0000003d   Data   RW          796    .data               gprs_comm.o
    0x20000099   0x00000003   PAD
    0x2000009c   0x00000004   Data   RW         1442    .data               driverlib-cm4f.lib(hibernate.o)
    0x200000a0   0x00000360   PAD
    0x20000400   0x0000026c   Data   RW         1661    vtable              driverlib-cm4f.lib(interrupt.o)
    0x2000066c   0x00000100   Zero   RW           13    .bss                main.o
    0x2000076c   0x00000064   Zero   RW          385    .bss                commands.o
    0x200007d0   0x00000030   Zero   RW          587    .bss                adc_run.o
    0x20000800   0x00000100   Zero   RW            1    STACK               startup_rvmdk.o


==============================================================================

Image component sizes


      Code (inc. data)   RO Data    RW Data    ZI Data      Debug   Object Name

       376         32          0         16         48       2763   adc_run.o
      2772       1134          0          4        100       7951   commands.o
       330         64          0         61          0       2762   gprs_comm.o
       778        118          0          0          0       3550   i2c_comm.o
       482         46          0          0          0       3410   lcd.o
       440         92        327         68        256       4233   main.o
        44         10          0          0          0        444   pwm_gen.o
       648        622          0          0        256        248   startup_rvmdk.o
       460         56          0          3          0       2860   timer_operations.o
       560         54          0          0          0       3909   uart_comm.o
       696         98          0          0          0       5502   utils.o

    ----------------------------------------------------------------------
      7598       2326        360        156        660      37632   Object Totals
         0          0         32          0          0          0   (incl. Generated)
        12          0          1          4          0          0   (incl. Padding)

    ----------------------------------------------------------------------

      Code (inc. data)   RO Data    RW Data    ZI Data      Debug   Library Member Name

       342          0          0          0          0       7667   adc.o
       510         16        120          0          0       5330   gpio.o
       196         48          0          4          0       2834   hibernate.o
       152         16        268        620          0       1950   interrupt.o
       694         68        460          0          0       4293   sysctl.o
       190          6         96          0          0       3913   timer.o
        28          0          0          0          0        987   uart.o
        92          0          0          0          0          0   __dczerorl2.o
         0          0          0          0          0          0   entry.o
         8          4          0          0          0          0   entry2.o
         4          0          0          0          0          0   entry5.o
         0          0          0          0          0          0   entry7b.o
         8          4          0          0          0          0   entry8.o
        30          0          0          0          0          0   handlers.o
        36          8          0          0          0         68   init.o
       398          8          0          0          0        248   printf1.o
        28          0          0          0          0         68   strcat.o
        18          0          0          0          0         68   strcpy.o
        16          0          0          0          0         68   strlen.o
        44          0          0          0          0         80   uidiv.o

    ----------------------------------------------------------------------
      2802        178        944       1488          0      27574   Library Totals
         8          0          0        864          0          0   (incl. Padding)

    ----------------------------------------------------------------------

      Code (inc. data)   RO Data    RW Data    ZI Data      Debug   Library Name

      2112        154        944        624          0      26974   driverlib-cm4f.lib
       682         24          0          0          0        600   mc_w.l

    ----------------------------------------------------------------------
      2802        178        944       1488          0      27574   Library Totals

    ----------------------------------------------------------------------

==============================================================================


      Code (inc. data)   RO Data    RW Data    ZI Data      Debug   

     10400       2504       1304       1644        660      56698   Grand Totals
     10400       2504       1304         64        660      56698   ELF Image Totals (compressed)
     10400       2504       1304         64          0          0   ROM Totals

==============================================================================

    Total RO  Size (Code + RO Data)                11704 (  11.43kB)
    Total RW  Size (RW Data + ZI Data)              2304 (   2.25kB)
    Total ROM Size (Code + RO Data + RW Data)      11768 (  11.49kB)

==============================================================================

