<html>
<body>
<pre>
<h1>µVision Build Log</h1>
<h2>Project:</h2>
C:\Users\Dumitriu\Desktop\digital_PSU19mai - Copy\boards\ek-lm4f120xl\psu\psu.uvproj
Project File Date:  05/14/2014

<h2>Output:</h2>
Rebuild target 'uart_echo'
assembling startup_rvmdk.S...
compiling main.c...
compiling pwm.c...
compiling commands.c...
compiling uart_comm.c...
compiling timer_operations.c...
compiling adc_run.c...
compiling lcd.c...
..\..\..\inc/hw_gpio.h(116): warning:  #47-D: incompatible redefinition of macro "GPIO_LOCK_KEY" (declared at line 2031 of "..\..\..\inc/lm4f120h5qr.h")
linking...
.\rvmdk\uart_echo.axf: error: L6031U: Could not open scatter description file uart_echo.sct: No such file or directory
".\rvmdk\uart_echo.axf" - 1 Errors, 1 Warning(s).
Target not created
Rebuild target 'uart_echo'
assembling startup_rvmdk.S...
compiling main.c...
compiling pwm.c...
compiling commands.c...
compiling uart_comm.c...
compiling timer_operations.c...
compiling adc_run.c...
compiling lcd.c...
..\..\..\inc/hw_gpio.h(116): warning:  #47-D: incompatible redefinition of macro "GPIO_LOCK_KEY" (declared at line 2031 of "..\..\..\inc/lm4f120h5qr.h")
linking...
Program Size: Code=3392 RO-data=612 RW-data=8 ZI-data=272  
After Build - User command #1: fromelf --bin --output .\rvmdk\uart_echo.bin .\rvmdk\psu.axf
".\rvmdk\psu.axf" - 0 Errors, 1 Warning(s).
